root@pvevn:/# # zpool labelclear /dev/sda
root@pvevn:/# zpool list
no pools available
root@pvevn:/# history |grep read
  497  zpool import  -f -o readonly=on  zfsvn-mirror
  593  history |grep read
  594  zpool import  -f -o readonly=on  zfsvn-mirror
  625  history |grep read
  654  history |grep read
root@pvevn:/#  zpool import  -f -o readonly=on  zfsvn-mirror
cannot import 'zfsvn-mirror': no such pool available
root@pvevn:/# history |grep create
  563  zpool create
  564  zpool create zpool create mypool single /dev/sda1 
  565  zpool create zpool create mypool single /dev/sda 
  566  zpool create zpool create mypool /dev/sda 1
  567  zpool create zpool create mypool sda1
  568  zpool create  mypool sda1
  569  zpool create -n  mypool sda1
  656  history |grep create
root@pvevn:/# zpool create zpool create mypool sda1
cannot open 'create': no such device in /dev
must be a full path or shorthand device name
root@pvevn:/# zpool create mypool sda1
invalid vdev specification
use '-f' to override the following errors:
/dev/sda1 is part of potentially active pool 'zfsvn-mirror'
root@pvevn:/# # zpool labelclear /dev/sda
root@pvevn:/# zpool list
no pools available
root@pvevn:/# # zpool labelclear /dev/sdb
root@pvevn:/# zpool list
no pools available
root@pvevn:/# df
Filesystem           1K-blocks     Used Available Use% Mounted on
udev                  16335880        0  16335880   0% /dev
tmpfs                  3272148    17644   3254504   1% /run
/dev/mapper/pve-root  98559220 39960596  53549076  43% /
tmpfs                 16360728    64368  16296360   1% /dev/shm
tmpfs                     5120        0      5120   0% /run/lock
tmpfs                 16360728        0  16360728   0% /sys/fs/cgroup
/dev/sdc2               523248      312    522936   1% /boot/efi
/dev/fuse                30720       24     30696   1% /etc/pve
tmpfs                  3272144        0   3272144   0% /run/user/0
root@pvevn:/# fdisk -l
Disk /dev/sdb: 931.5 GiB, 1000204886016 bytes, 1953525168 sectors
Disk model: ST1000DM010-2EP1
Units: sectors of 1 * 512 = 512 bytes
Sector size (logical/physical): 512 bytes / 4096 bytes
I/O size (minimum/optimal): 4096 bytes / 4096 bytes
Disklabel type: gpt
Disk identifier: E111DFEB-BEC1-B74F-A8DE-97E4BD28A6FB


Disk /dev/sda: 931.5 GiB, 1000204886016 bytes, 1953525168 sectors
Disk model: ST1000DM010-2EP1
Units: sectors of 1 * 512 = 512 bytes
Sector size (logical/physical): 512 bytes / 4096 bytes
I/O size (minimum/optimal): 4096 bytes / 4096 bytes
Disklabel type: gpt
Disk identifier: CC55DF8C-692E-F441-83A1-933C38E51310

Device          Start        End    Sectors   Size Type
/dev/sda1        2048 1953507327 1953505280 931.5G Solaris /usr & Apple ZFS
/dev/sda9  1953507328 1953523711      16384     8M Solaris reserved 1


Disk /dev/sdc: 931.5 GiB, 1000204886016 bytes, 1953525168 sectors
Disk model: ST1000DM010-2EP1
Units: sectors of 1 * 512 = 512 bytes
Sector size (logical/physical): 512 bytes / 4096 bytes
I/O size (minimum/optimal): 4096 bytes / 4096 bytes
Disklabel type: gpt
Disk identifier: CFE32CEB-F3FD-47DE-9DC3-5E01FE1F5FBC

Device       Start        End    Sectors  Size Type
/dev/sdc1       34       2047       2014 1007K BIOS boot
/dev/sdc2     2048    1050623    1048576  512M EFI System
/dev/sdc3  1050624 1953525134 1952474511  931G Linux LVM

Partition 1 does not start on physical sector boundary.


Disk /dev/mapper/pve-swap: 8 GiB, 8589934592 bytes, 16777216 sectors
Units: sectors of 1 * 512 = 512 bytes
Sector size (logical/physical): 512 bytes / 4096 bytes
I/O size (minimum/optimal): 4096 bytes / 4096 bytes


Disk /dev/mapper/pve-root: 96 GiB, 103079215104 bytes, 201326592 sectors
Units: sectors of 1 * 512 = 512 bytes
Sector size (logical/physical): 512 bytes / 4096 bytes
I/O size (minimum/optimal): 4096 bytes / 4096 bytes


Disk /dev/mapper/pve-vm--104--disk--0: 120 GiB, 128849018880 bytes, 251658240 sectors
Units: sectors of 1 * 512 = 512 bytes
Sector size (logical/physical): 512 bytes / 4096 bytes
I/O size (minimum/optimal): 65536 bytes / 65536 bytes
Disklabel type: dos
Disk identifier: 0xb00cdfb7

Device                                 Boot     Start       End   Sectors   Size Id Type
/dev/mapper/pve-vm--104--disk--0-part1 *         2048    104447    102400    50M  7 HPFS/NTFS/exFAT
/dev/mapper/pve-vm--104--disk--0-part2         104448 250634666 250530219 119.5G  7 HPFS/NTFS/exFAT
/dev/mapper/pve-vm--104--disk--0-part3      250636288 251654143   1017856   497M 27 Hidden NTFS WinRE


Disk /dev/mapper/pve-vm--105--disk--0: 32 GiB, 34359738368 bytes, 67108864 sectors
Units: sectors of 1 * 512 = 512 bytes
Sector size (logical/physical): 512 bytes / 4096 bytes
I/O size (minimum/optimal): 65536 bytes / 65536 bytes
Disklabel type: dos
Disk identifier: 0x90909090

Device                                 Boot Start      End  Sectors Size Id Type
/dev/mapper/pve-vm--105--disk--0-part1 *       64 67108862 67108799  32G a5 FreeBSD

Partition 1 does not start on physical sector boundary.


Disk /dev/mapper/pve-vm--100--disk--0: 120 GiB, 128849018880 bytes, 251658240 sectors
Units: sectors of 1 * 512 = 512 bytes
Sector size (logical/physical): 512 bytes / 4096 bytes
I/O size (minimum/optimal): 65536 bytes / 65536 bytes
Disklabel type: dos
Disk identifier: 0x000a6c64

Device                                 Boot   Start       End   Sectors  Size Id Type
/dev/mapper/pve-vm--100--disk--0-part1 *       2048   2099199   2097152    1G 83 Linux
/dev/mapper/pve-vm--100--disk--0-part2      2099200 251658239 249559040  119G 8e Linux LVM


Disk /dev/mapper/pve-vm--102--disk--0: 120 GiB, 128849018880 bytes, 251658240 sectors
Units: sectors of 1 * 512 = 512 bytes
Sector size (logical/physical): 512 bytes / 4096 bytes
I/O size (minimum/optimal): 65536 bytes / 65536 bytes
Disklabel type: dos
Disk identifier: 0xa0c85c3e

Device                                 Boot   Start       End   Sectors   Size Id Type
/dev/mapper/pve-vm--102--disk--0-part1 *       2048   1026047   1024000   500M  7 HPFS/NTFS/exFAT
/dev/mapper/pve-vm--102--disk--0-part2      1026048 251656191 250630144 119.5G  7 HPFS/NTFS/exFAT


Disk /dev/mapper/pve-vm--100--disk--1: 200 GiB, 214748364800 bytes, 419430400 sectors
Units: sectors of 1 * 512 = 512 bytes
Sector size (logical/physical): 512 bytes / 4096 bytes
I/O size (minimum/optimal): 65536 bytes / 65536 bytes
Disklabel type: dos
Disk identifier: 0x57772b44

Device                                 Boot Start       End   Sectors  Size Id Type
/dev/mapper/pve-vm--100--disk--1-part1       2048 419430399 419428352  200G 83 Linux


Disk /dev/mapper/pve-vm--102--disk--1: 80 GiB, 85899345920 bytes, 167772160 sectors
Units: sectors of 1 * 512 = 512 bytes
Sector size (logical/physical): 512 bytes / 4096 bytes
I/O size (minimum/optimal): 65536 bytes / 65536 bytes
Disklabel type: gpt
Disk identifier: D235C319-2C5D-4697-8AC9-89336A6EFD17

Device                                  Start       End   Sectors  Size Type
/dev/mapper/pve-vm--102--disk--1-part1     34    262177    262144  128M Microsoft reserved
/dev/mapper/pve-vm--102--disk--1-part2 264192 167770111 167505920 79.9G Microsoft basic data

Partition 1 does not start on physical sector boundary.
root@pvevn:/# mount -t zfs /dev/sda1
mount: /dev/sda1: can't find in /etc/fstab.
root@pvevn:/# mount -t zfs /dev/sda1 /mnt/zfs
filesystem 'zfsvn-mirror' cannot be mounted, unable to open the dataset
root@pvevn:/# # zpool labelclear /dev/sdb
root@pvevn:/# # zpool labelclear /dev/sda
root@pvevn:/# zpool list
no pools available
root@pvevn:/# df
Filesystem           1K-blocks     Used Available Use% Mounted on
udev                  16335880        0  16335880   0% /dev
tmpfs                  3272148    17644   3254504   1% /run
/dev/mapper/pve-root  98559220 39960736  53548936  43% /
tmpfs                 16360728    64368  16296360   1% /dev/shm
tmpfs                     5120        0      5120   0% /run/lock
tmpfs                 16360728        0  16360728   0% /sys/fs/cgroup
/dev/sdc2               523248      312    522936   1% /boot/efi
/dev/fuse                30720       24     30696   1% /etc/pve
tmpfs                  3272144        0   3272144   0% /run/user/0
root@pvevn:/# # zpool labelclear /dev/sda
root@pvevn:/# # zpool labelclear /dev/sda1
root@pvevn:/# # zpool labelclear /dev/sdb
root@pvevn:/# # zpool labelclear /dev/sdb1
root@pvevn:/# # zpool labelclear 
root@pvevn:/# zpool list
no pools available
root@pvevn:/# ls
ls           lsattr       lsblk        lscpu        lsinitramfs  lsipc        lslocks      lslogins     lsmem        lsmod        lsns         lsof         lspci        lspgpot      lsscsi       lsusb        
root@pvevn:/# lsblk 
NAME                         MAJ:MIN RM   SIZE RO TYPE MOUNTPOINT
sda                            8:0    0 931.5G  0 disk 
|-sda1                         8:1    0 931.5G  0 part 
`-sda9                         8:9    0     8M  0 part 
sdb                            8:16   0 931.5G  0 disk 
sdc                            8:32   0 931.5G  0 disk 
|-sdc1                         8:33   0  1007K  0 part 
|-sdc2                         8:34   0   512M  0 part /boot/efi
`-sdc3                         8:35   0   931G  0 part 
  |-pve-swap                 253:0    0     8G  0 lvm  [SWAP]
  |-pve-root                 253:1    0    96G  0 lvm  /
  |-pve-data_tmeta           253:2    0   8.1G  0 lvm  
  | `-pve-data-tpool         253:4    0 794.8G  0 lvm  
  |   |-pve-data             253:5    0 794.8G  0 lvm  
  |   |-pve-vm--104--disk--0 253:6    0   120G  0 lvm  
  |   |-pve-vm--105--disk--0 253:7    0    32G  0 lvm  
  |   |-pve-vm--100--disk--0 253:8    0   120G  0 lvm  
  |   |-pve-vm--102--disk--0 253:9    0   120G  0 lvm  
  |   |-pve-vm--100--disk--1 253:10   0   200G  0 lvm  
  |   `-pve-vm--102--disk--1 253:11   0    80G  0 lvm  
  `-pve-data_tdata           253:3    0 794.8G  0 lvm  
    `-pve-data-tpool         253:4    0 794.8G  0 lvm  
      |-pve-data             253:5    0 794.8G  0 lvm  
      |-pve-vm--104--disk--0 253:6    0   120G  0 lvm  
      |-pve-vm--105--disk--0 253:7    0    32G  0 lvm  
      |-pve-vm--100--disk--0 253:8    0   120G  0 lvm  
      |-pve-vm--102--disk--0 253:9    0   120G  0 lvm  
      |-pve-vm--100--disk--1 253:10   0   200G  0 lvm  
      `-pve-vm--102--disk--1 253:11   0    80G  0 lvm  
root@pvevn:/# fdis^C
root@pvevn:/# fdisk /dev/sdb

Welcome to fdisk (util-linux 2.33.1).
Changes will remain in memory only, until you decide to write them.
Be careful before using the write command.


Command (m for help): m

Help:

  GPT
   M   enter protective/hybrid MBR

  Generic
   d   delete a partition
   F   list free unpartitioned space
   l   list known partition types
   n   add a new partition
   p   print the partition table
   t   change a partition type
   v   verify the partition table
   i   print information about a partition

  Misc
   m   print this menu
   x   extra functionality (experts only)

  Script
   I   load disk layout from sfdisk script file
   O   dump disk layout to sfdisk script file

  Save & Exit
   w   write table to disk and exit
   q   quit without saving changes

  Create a new label
   g   create a new empty GPT partition table
   G   create a new empty SGI (IRIX) partition table
   o   create a new empty DOS partition table
   s   create a new empty Sun partition table


Command (m for help): o
Created a new DOS disklabel with disk identifier 0xacc7056a.
The old gpt signature will be removed by a write command.

Command (m for help): wq

The partition table has been altered.
Calling ioctl() to re-read partition table.
Syncing disks.

root@pvevn:/# fdisk /dev/sdb

Welcome to fdisk (util-linux 2.33.1).
Changes will remain in memory only, until you decide to write them.
Be careful before using the write command.


Command (m for help): g
Created a new GPT disklabel (GUID: 74546B20-7569-5B48-BDC4-33E99D38E68F).
The old dos signature will be removed by a write command.

Command (m for help): wq

The partition table has been altered.
Calling ioctl() to re-read partition table.
Syncing disks.

root@pvevn:/# mkfs
mkfs         mkfs.bfs     mkfs.btrfs   mkfs.cramfs  mkfs.ext2    mkfs.ext3    mkfs.ext4    mkfs.fat     mkfs.minix   mkfs.msdos   mkfs.vfat    mkfs.xfs     
root@pvevn:/# mkfs.ext4 /dev^C
root@pvevn:/# fdisk /dev/sdb

Welcome to fdisk (util-linux 2.33.1).
Changes will remain in memory only, until you decide to write them.
Be careful before using the write command.


Command (m for help): n
Partition number (1-128, default 1):   
First sector (2048-1953525134, default 2048): 
Last sector, +/-sectors or +/-size{K,M,G,T,P} (2048-1953525134, default 1953525134): 

Created a new partition 1 of type 'Linux filesystem' and of size 931.5 GiB.
Partition #1 contains a zfs_member signature.

Do you want to remove the signature? [Y]es/[N]o: y 

The signature will be removed by a write command.

Command (m for help): wq
The partition table has been altered.
Calling ioctl() to re-read partition table.
Syncing disks.

root@pvevn:/# df
Filesystem           1K-blocks     Used Available Use% Mounted on
udev                  16335880        0  16335880   0% /dev
tmpfs                  3272148    17648   3254500   1% /run
/dev/mapper/pve-root  98559220 39960920  53548752  43% /
tmpfs                 16360728    64368  16296360   1% /dev/shm
tmpfs                     5120        0      5120   0% /run/lock
tmpfs                 16360728        0  16360728   0% /sys/fs/cgroup
/dev/sdc2               523248      312    522936   1% /boot/efi
/dev/fuse                30720       24     30696   1% /etc/pve
tmpfs                  3272144        0   3272144   0% /run/user/0
root@pvevn:/# mkfs
mkfs         mkfs.bfs     mkfs.btrfs   mkfs.cramfs  mkfs.ext2    mkfs.ext3    mkfs.ext4    mkfs.fat     mkfs.minix   mkfs.msdos   mkfs.vfat    mkfs.xfs     
root@pvevn:/# mkfs.ext4 /dev/sdb1
mke2fs 1.44.5 (15-Dec-2018)
Creating filesystem with 244190385 4k blocks and 61054976 inodes
Filesystem UUID: 3fab3d9b-8f89-45c1-8151-a13e26003c85
Superblock backups stored on blocks: 
	32768, 98304, 163840, 229376, 294912, 819200, 884736, 1605632, 2654208, 
	4096000, 7962624, 11239424, 20480000, 23887872, 71663616, 78675968, 
	102400000, 214990848

Allocating group tables: done                            
Writing inode tables: done                            
Creating journal (262144 blocks): done
Writing superblocks and filesystem accounting information: done     

root@pvevn:/# fdisk /dev/sdb

Welcome to fdisk (util-linux 2.33.1).
Changes will remain in memory only, until you decide to write them.
Be careful before using the write command.


Command (m for help): d
Selected partition 1
Partition 1 has been deleted.

Command (m for help): wq
The partition table has been altered.
Calling ioctl() to re-read partition table.
Syncing disks.

root@pvevn:/# df
Filesystem           1K-blocks     Used Available Use% Mounted on
udev                  16335880        0  16335880   0% /dev
tmpfs                  3272148    17648   3254500   1% /run
/dev/mapper/pve-root  98559220 39960992  53548680  43% /
tmpfs                 16360728    61248  16299480   1% /dev/shm
tmpfs                     5120        0      5120   0% /run/lock
tmpfs                 16360728        0  16360728   0% /sys/fs/cgroup
/dev/sdc2               523248      312    522936   1% /boot/efi
/dev/fuse                30720       24     30696   1% /etc/pve
tmpfs                  3272144        0   3272144   0% /run/user/0
/dev/sdb1            960380628    77880 911448288   1% /mnt/pve/sdb
root@pvevn:/# more /etc/fstab 
# <file system> <mount point> <type> <options> <dump> <pass>
/dev/pve/root / ext4 errors=remount-ro 0 1
UUID=A236-9422 /boot/efi vfat defaults 0 1
/dev/pve/swap none swap sw 0 0
proc /proc proc defaults 0 0

root@pvevn:/# mount -a
root@pvevn:/# umount /mnt/pve/sdb
root@pvevn:/# mount -a
root@pvevn:/# df
Filesystem           1K-blocks     Used Available Use% Mounted on
udev                  16335880        0  16335880   0% /dev
tmpfs                  3272148    17648   3254500   1% /run
/dev/mapper/pve-root  98559220 39961000  53548672  43% /
tmpfs                 16360728    61248  16299480   1% /dev/shm
tmpfs                     5120        0      5120   0% /run/lock
tmpfs                 16360728        0  16360728   0% /sys/fs/cgroup
/dev/sdc2               523248      312    522936   1% /boot/efi
/dev/fuse                30720       24     30696   1% /etc/pve
tmpfs                  3272144        0   3272144   0% /run/user/0
root@pvevn:/# df
Filesystem           1K-blocks     Used Available Use% Mounted on
udev                  16335880        0  16335880   0% /dev
tmpfs                  3272148    17648   3254500   1% /run
/dev/mapper/pve-root  98559220 39961000  53548672  43% /
tmpfs                 16360728    61248  16299480   1% /dev/shm
tmpfs                     5120        0      5120   0% /run/lock
tmpfs                 16360728        0  16360728   0% /sys/fs/cgroup
/dev/sdc2               523248      312    522936   1% /boot/efi
/dev/fuse                30720       24     30696   1% /etc/pve
tmpfs                  3272144        0   3272144   0% /run/user/0
root@pvevn:/# mount -a
root@pvevn:/# df
Filesystem           1K-blocks     Used Available Use% Mounted on
udev                  16335880        0  16335880   0% /dev
tmpfs                  3272148    17648   3254500   1% /run
/dev/mapper/pve-root  98559220 39961004  53548668  43% /
tmpfs                 16360728    61248  16299480   1% /dev/shm
tmpfs                     5120        0      5120   0% /run/lock
tmpfs                 16360728        0  16360728   0% /sys/fs/cgroup
/dev/sdc2               523248      312    522936   1% /boot/efi
/dev/fuse                30720       24     30696   1% /etc/pve
tmpfs                  3272144        0   3272144   0% /run/user/0
root@pvevn:/# df
Filesystem           1K-blocks     Used Available Use% Mounted on
udev                  16335880        0  16335880   0% /dev
tmpfs                  3272148    17648   3254500   1% /run
/dev/mapper/pve-root  98559220 39961012  53548660  43% /
tmpfs                 16360728    64368  16296360   1% /dev/shm
tmpfs                     5120        0      5120   0% /run/lock
tmpfs                 16360728        0  16360728   0% /sys/fs/cgroup
/dev/sdc2               523248      312    522936   1% /boot/efi
/dev/fuse                30720       24     30696   1% /etc/pve
tmpfs                  3272144        0   3272144   0% /run/user/0
root@pvevn:/# fdisk /dev/sdb

Welcome to fdisk (util-linux 2.33.1).
Changes will remain in memory only, until you decide to write them.
Be careful before using the write command.


Command (m for help): p
Disk /dev/sdb: 931.5 GiB, 1000204886016 bytes, 1953525168 sectors
Disk model: ST1000DM010-2EP1
Units: sectors of 1 * 512 = 512 bytes
Sector size (logical/physical): 512 bytes / 4096 bytes
I/O size (minimum/optimal): 4096 bytes / 4096 bytes
Disklabel type: gpt
Disk identifier: 74546B20-7569-5B48-BDC4-33E99D38E68F

Device     Start        End    Sectors   Size Type
/dev/sdb1   2048 1953525134 1953523087 931.5G Linux filesystem

Command (m for help): q

root@pvevn:/# ^C
root@pvevn:/# df
Filesystem           1K-blocks     Used Available Use% Mounted on
udev                  16335880        0  16335880   0% /dev
tmpfs                  3272148    17648   3254500   1% /run
/dev/mapper/pve-root  98559220 39961012  53548660  43% /
tmpfs                 16360728    64368  16296360   1% /dev/shm
tmpfs                     5120        0      5120   0% /run/lock
tmpfs                 16360728        0  16360728   0% /sys/fs/cgroup
/dev/sdc2               523248      312    522936   1% /boot/efi
/dev/fuse                30720       24     30696   1% /etc/pve
tmpfs                  3272144        0   3272144   0% /run/user/0
root@pvevn:/# mount /dev/disk/by-uuid/322d53e1-931a-4216-808c-b9fe89904ca2 /dev/pve/sdb
mount: /dev/pve/sdb: mount point does not exist.
root@pvevn:/# mount /dev/disk/by-uuid/322d53e1-931a-4216-808c-b9fe89904ca2 /mnt/pve/sdb
root@pvevn:/# df
Filesystem           1K-blocks     Used Available Use% Mounted on
udev                  16335880        0  16335880   0% /dev
tmpfs                  3272148    17648   3254500   1% /run
/dev/mapper/pve-root  98559220 39961036  53548636  43% /
tmpfs                 16360728    64368  16296360   1% /dev/shm
tmpfs                     5120        0      5120   0% /run/lock
tmpfs                 16360728        0  16360728   0% /sys/fs/cgroup
/dev/sdc2               523248      312    522936   1% /boot/efi
/dev/fuse                30720       24     30696   1% /etc/pve
tmpfs                  3272144        0   3272144   0% /run/user/0
/dev/sdb1            960380628    77880 911448288   1% /mnt/pve/sdb
root@pvevn:/# zpool list
no pools available
root@pvevn:/# # zpool labelclear /dev/sdb1
root@pvevn:/# # zpool labelclear /dev/sda1
root@pvevn:/# zpool list
no pools available
root@pvevn:/# zpool list
no pools available
root@pvevn:/# # zpool labelclear /dev/sda
root@pvevn:/# zpool list
no pools available
root@pvevn:/# fdisk /dev/sda

Welcome to fdisk (util-linux 2.33.1).
Changes will remain in memory only, until you decide to write them.
Be careful before using the write command.


Command (m for help): p
Disk /dev/sda: 931.5 GiB, 1000204886016 bytes, 1953525168 sectors
Disk model: ST1000DM010-2EP1
Units: sectors of 1 * 512 = 512 bytes
Sector size (logical/physical): 512 bytes / 4096 bytes
I/O size (minimum/optimal): 4096 bytes / 4096 bytes
Disklabel type: gpt
Disk identifier: CC55DF8C-692E-F441-83A1-933C38E51310

Device          Start        End    Sectors   Size Type
/dev/sda1        2048 1953507327 1953505280 931.5G Solaris /usr & Apple ZFS
/dev/sda9  1953507328 1953523711      16384     8M Solaris reserved 1

Command (m for help): m

Help:

  GPT
   M   enter protective/hybrid MBR

  Generic
   d   delete a partition
   F   list free unpartitioned space
   l   list known partition types
   n   add a new partition
   p   print the partition table
   t   change a partition type
   v   verify the partition table
   i   print information about a partition

  Misc
   m   print this menu
   x   extra functionality (experts only)

  Script
   I   load disk layout from sfdisk script file
   O   dump disk layout to sfdisk script file

  Save & Exit
   w   write table to disk and exit
   q   quit without saving changes

  Create a new label
   g   create a new empty GPT partition table
   G   create a new empty SGI (IRIX) partition table
   o   create a new empty DOS partition table
   s   create a new empty Sun partition table


Command (m for help): q

root@pvevn:/# zpool list
no pools available
root@pvevn:/# # zpool labelclear /dev/sda
root@pvevn:/# # zpool labelclear /dev/sda1
root@pvevn:/# # zpool labelclear /dev/sda9
root@pvevn:/# zpool list
no pools available
root@pvevn:/# zpool list
no pools available
root@pvevn:/# zpool list
no pools available
root@pvevn:/# df
Filesystem           1K-blocks     Used Available Use% Mounted on
udev                  16335880        0  16335880   0% /dev
tmpfs                  3272148    17648   3254500   1% /run
/dev/mapper/pve-root  98559220 39961096  53548576  43% /
tmpfs                 16360728    64368  16296360   1% /dev/shm
tmpfs                     5120        0      5120   0% /run/lock
tmpfs                 16360728        0  16360728   0% /sys/fs/cgroup
/dev/sdc2               523248      312    522936   1% /boot/efi
/dev/fuse                30720       24     30696   1% /etc/pve
tmpfs                  3272144        0   3272144   0% /run/user/0
/dev/sdb1            960380628    77880 911448288   1% /mnt/pve/sdb
root@pvevn:/# umount /mnt/pve/sdb
root@pvevn:/# mount -a
root@pvevn:/# df
Filesystem           1K-blocks     Used Available Use% Mounted on
udev                  16335880        0  16335880   0% /dev
tmpfs                  3272148    17648   3254500   1% /run
/dev/mapper/pve-root  98559220 39961112  53548560  43% /
tmpfs                 16360728    64368  16296360   1% /dev/shm
tmpfs                     5120        0      5120   0% /run/lock
tmpfs                 16360728        0  16360728   0% /sys/fs/cgroup
/dev/sdc2               523248      312    522936   1% /boot/efi
/dev/fuse                30720       24     30696   1% /etc/pve
tmpfs                  3272144        0   3272144   0% /run/user/0
root@pvevn:/# more /etc/fstab 
# <file system> <mount point> <type> <options> <dump> <pass>
/dev/pve/root / ext4 errors=remount-ro 0 1
UUID=A236-9422 /boot/efi vfat defaults 0 1
/dev/pve/swap none swap sw 0 0
proc /proc proc defaults 0 0

root@pvevn:/# df
Filesystem           1K-blocks     Used Available Use% Mounted on
udev                  16335880        0  16335880   0% /dev
tmpfs                  3272148    17648   3254500   1% /run
/dev/mapper/pve-root  98559220 39961124  53548548  43% /
tmpfs                 16360728    64368  16296360   1% /dev/shm
tmpfs                     5120        0      5120   0% /run/lock
tmpfs                 16360728        0  16360728   0% /sys/fs/cgroup
/dev/sdc2               523248      312    522936   1% /boot/efi
/dev/fuse                30720       24     30696   1% /etc/pve
tmpfs                  3272144        0   3272144   0% /run/user/0
root@pvevn:/# fdisk /dev/sdb

Welcome to fdisk (util-linux 2.33.1).
Changes will remain in memory only, until you decide to write them.
Be careful before using the write command.


Command (m for help): d
Selected partition 1
Partition 1 has been deleted.

Command (m for help): wq
The partition table has been altered.
Calling ioctl() to re-read partition table.
Syncing disks.

root@pvevn:/# fdisk /dev/sdb

Welcome to fdisk (util-linux 2.33.1).
Changes will remain in memory only, until you decide to write them.
Be careful before using the write command.


Command (m for help): d
No partition is defined yet!

Command (m for help): q

root@pvevn:/# fdisk /dev/sdb

Welcome to fdisk (util-linux 2.33.1).
Changes will remain in memory only, until you decide to write them.
Be careful before using the write command.

The old LVM2_member signature will be removed by a write command.

Device does not contain a recognized partition table.
Created a new DOS disklabel with disk identifier 0xce601f08.

Command (m for help): m

Help:

  DOS (MBR)
   a   toggle a bootable flag
   b   edit nested BSD disklabel
   c   toggle the dos compatibility flag

  Generic
   d   delete a partition
   F   list free unpartitioned space
   l   list known partition types
   n   add a new partition
   p   print the partition table
   t   change a partition type
   v   verify the partition table
   i   print information about a partition

  Misc
   m   print this menu
   u   change display/entry units
   x   extra functionality (experts only)

  Script
   I   load disk layout from sfdisk script file
   O   dump disk layout to sfdisk script file

  Save & Exit
   w   write table to disk and exit
   q   quit without saving changes

  Create a new label
   g   create a new empty GPT partition table
   G   create a new empty SGI (IRIX) partition table
   o   create a new empty DOS partition table
   s   create a new empty Sun partition table


Command (m for help): o
Created a new DOS disklabel with disk identifier 0xe9024a73.
The old LVM2_member signature will be removed by a write command.

Command (m for help): wq

The partition table has been altered.
Calling ioctl() to re-read partition table.
Syncing disks.

root@pvevn:/# fdisk /dev/sdb

Welcome to fdisk (util-linux 2.33.1).
Changes will remain in memory only, until you decide to write them.
Be careful before using the write command.


Command (m for help): m

Help:

  DOS (MBR)
   a   toggle a bootable flag
   b   edit nested BSD disklabel
   c   toggle the dos compatibility flag

  Generic
   d   delete a partition
   F   list free unpartitioned space
   l   list known partition types
   n   add a new partition
   p   print the partition table
   t   change a partition type
   v   verify the partition table
   i   print information about a partition

  Misc
   m   print this menu
   u   change display/entry units
   x   extra functionality (experts only)

  Script
   I   load disk layout from sfdisk script file
   O   dump disk layout to sfdisk script file

  Save & Exit
   w   write table to disk and exit
   q   quit without saving changes

  Create a new label
   g   create a new empty GPT partition table
   G   create a new empty SGI (IRIX) partition table
   o   create a new empty DOS partition table
   s   create a new empty Sun partition table


Command (m for help): g
Created a new GPT disklabel (GUID: 6EB15DB1-BA0B-E445-B3D6-9F7E377487BD).
The old dos signature will be removed by a write command.

Command (m for help): wq

The partition table has been altered.
Calling ioctl() to re-read partition table.
Syncing disks.

root@pvevn:/# nano /etc/pve/storage.cfg
root@pvevn:/# vi /etc/pve/storage.cfg 
root@pvevn:/# cd etc/systemd/system/
root@pvevn:/etc/systemd/system# ls
ceph.target.wants			getty.target.wants  mnt-pve-sdb.mount	     multipath-tools.service	  pve-manager.service	  smartd.service	sshd.service	      syslog.service	   zed.service		    zfs-volumes.target.wants
dbus-org.freedesktop.timesync1.service	iscsi.service	    multi-user.target.wants  network-online.target.wants  remote-fs.target.wants  sockets.target.wants	sysinit.target.wants  timers.target.wants  zfs-import.target.wants  zfs.target.wants
root@pvevn:/etc/systemd/system# ls -alt
total 56
drwxr-xr-x  2 root root 4096 Sep 18 13:36 multi-user.target.wants
drwxr-xr-x 13 root root 4096 Sep 18 13:36 .
-rw-r--r--  1 root root  208 Sep 18 13:36 mnt-pve-sdb.mount
drwxr-xr-x  2 root root 4096 Sep 10 12:59 zfs-import.target.wants
lrwxrwxrwx  1 root root   38 Jun 26 15:48 multipath-tools.service -> /lib/systemd/system/multipathd.service
drwxr-xr-x  2 root root 4096 Jun 26 15:48 sockets.target.wants
drwxr-xr-x  2 root root 4096 Jun 26 15:48 sysinit.target.wants
lrwxrwxrwx  1 root root   38 Jun 23 09:35 pve-manager.service -> /lib/systemd/system/pve-guests.service
drwxr-xr-x  2 root root 4096 Jun 23 09:35 timers.target.wants
drwxr-xr-x  2 root root 4096 Jun 23 09:35 getty.target.wants
drwxr-xr-x  2 root root 4096 Jun 23 09:35 ceph.target.wants
drwxr-xr-x  2 root root 4096 Jun 23 09:35 remote-fs.target.wants
lrwxrwxrwx  1 root root   38 Jun 23 09:35 iscsi.service -> /lib/systemd/system/open-iscsi.service
lrwxrwxrwx  1 root root   31 Jun 23 09:35 sshd.service -> /lib/systemd/system/ssh.service
lrwxrwxrwx  1 root root   35 Jun 23 09:35 zed.service -> /lib/systemd/system/zfs-zed.service
drwxr-xr-x  2 root root 4096 Jun 23 09:35 zfs.target.wants
lrwxrwxrwx  1 root root   41 Jun 23 09:35 smartd.service -> /lib/systemd/system/smartmontools.service
drwxr-xr-x  2 root root 4096 May 11 02:23 zfs-volumes.target.wants
drwxr-xr-x  2 root root 4096 May 11 02:23 network-online.target.wants
lrwxrwxrwx  1 root root   35 May 11 02:23 syslog.service -> /lib/systemd/system/rsyslog.service
drwxr-xr-x  5 root root 4096 May 11 02:23 ..
lrwxrwxrwx  1 root root   45 May 11 02:23 dbus-org.freedesktop.timesync1.service -> /lib/systemd/system/systemd-timesyncd.service
root@pvevn:/etc/systemd/system# rm mnt-pve-sdb.mount 
root@pvevn:/etc/systemd/system# history |grep lab
  574  # zpool labelclear /dev/sdb
  579  # zpool labelclear /dev/sdb
  580  # zpool labelclear /dev/sda
  584  # zpool labelclear /dev/sda
  586  # zpool labelclear /dev/sdb
  588  # zpool labelclear /dev/sda
  589  # zpool labelclear /dev/sdb
  628  # zpool labelclear /dev/sda1
  629  # zpool labelclear /dev/sda
  630  # zpool labelclear /dev/sda9
  634  # zpool labelclear /dev/sdb
  635  # zpool labelclear /dev/sd1
  636  # zpool labelclear /dev/sda
  640  # zpool labelclear /dev/sda
  641  # zpool labelclear /dev/sdb
  642  # zpool labelclear /dev/sda
  645  # zpool labelclear /dev/sdb
  646  # zpool labelclear /dev/sda
  647  # zpool labelclear /dev/sda1
  648  # zpool labelclear /dev/sdb1
  652  # zpool labelclear /dev/sda
  659  # zpool labelclear /dev/sda
  661  # zpool labelclear /dev/sdb
  667  # zpool labelclear /dev/sdb
  668  # zpool labelclear /dev/sda
  671  # zpool labelclear /dev/sda
  672  # zpool labelclear /dev/sda1
  673  # zpool labelclear /dev/sdb
  674  # zpool labelclear /dev/sdb1
  675  # zpool labelclear 
  700  # zpool labelclear /dev/sdb1
  701  # zpool labelclear /dev/sda1
  704  # zpool labelclear /dev/sda
  708  # zpool labelclear /dev/sda
  709  # zpool labelclear /dev/sda1
  710  # zpool labelclear /dev/sda9
  730  history |grep lab
root@pvevn:/etc/systemd/system# history |grep read
  497  zpool import  -f -o readonly=on  zfsvn-mirror
  593  history |grep read
  594  zpool import  -f -o readonly=on  zfsvn-mirror
  625  history |grep read
  654  history |grep read
  655   zpool import  -f -o readonly=on  zfsvn-mirror
  731  history |grep read
root@pvevn:/etc/systemd/system# df
Filesystem           1K-blocks     Used Available Use% Mounted on
udev                  16335880        0  16335880   0% /dev
tmpfs                  3272148    17652   3254496   1% /run
/dev/mapper/pve-root  98559220 39960952  53548720  43% /
tmpfs                 16360728    67488  16293240   1% /dev/shm
tmpfs                     5120        0      5120   0% /run/lock
tmpfs                 16360728        0  16360728   0% /sys/fs/cgroup
/dev/sdc2               523248      312    522936   1% /boot/efi
/dev/fuse                30720       24     30696   1% /etc/pve
tmpfs                  3272144        0   3272144   0% /run/user/0
root@pvevn:/etc/systemd/system# fdisk /dev/sdb

Welcome to fdisk (util-linux 2.33.1).
Changes will remain in memory only, until you decide to write them.
Be careful before using the write command.

The old LVM2_member signature will be removed by a write command.

Device does not contain a recognized partition table.
Created a new DOS disklabel with disk identifier 0x52e22bc0.

Command (m for help): ew
e: unknown command

Command (m for help): wq

The partition table has been altered.
Calling ioctl() to re-read partition table.
Syncing disks.

root@pvevn:/etc/systemd/system# fdisk /dev/sdb

Welcome to fdisk (util-linux 2.33.1).
Changes will remain in memory only, until you decide to write them.
Be careful before using the write command.


Command (m for help): g
Created a new GPT disklabel (GUID: F5A153B4-C70A-1643-8BF9-06809426408C).
The old dos signature will be removed by a write command.

Command (m for help): wq

The partition table has been altered.
Calling ioctl() to re-read partition table.
Syncing disks.

root@pvevn:/etc/systemd/system# ls
ceph.target.wants			getty.target.wants  multi-user.target.wants  network-online.target.wants  remote-fs.target.wants  sockets.target.wants	sysinit.target.wants  timers.target.wants  zfs-import.target.wants   zfs.target.wants
dbus-org.freedesktop.timesync1.service	iscsi.service	    multipath-tools.service  pve-manager.service	  smartd.service	  sshd.service		syslog.service	      zed.service	   zfs-volumes.target.wants
root@pvevn:/etc/systemd/system# ls -alt
total 52
drwxr-xr-x 13 root root 4096 Sep 18 13:49 .
drwxr-xr-x  2 root root 4096 Sep 18 13:36 multi-user.target.wants
drwxr-xr-x  2 root root 4096 Sep 10 12:59 zfs-import.target.wants
lrwxrwxrwx  1 root root   38 Jun 26 15:48 multipath-tools.service -> /lib/systemd/system/multipathd.service
drwxr-xr-x  2 root root 4096 Jun 26 15:48 sockets.target.wants
drwxr-xr-x  2 root root 4096 Jun 26 15:48 sysinit.target.wants
lrwxrwxrwx  1 root root   38 Jun 23 09:35 pve-manager.service -> /lib/systemd/system/pve-guests.service
drwxr-xr-x  2 root root 4096 Jun 23 09:35 timers.target.wants
drwxr-xr-x  2 root root 4096 Jun 23 09:35 getty.target.wants
drwxr-xr-x  2 root root 4096 Jun 23 09:35 ceph.target.wants
drwxr-xr-x  2 root root 4096 Jun 23 09:35 remote-fs.target.wants
lrwxrwxrwx  1 root root   38 Jun 23 09:35 iscsi.service -> /lib/systemd/system/open-iscsi.service
lrwxrwxrwx  1 root root   31 Jun 23 09:35 sshd.service -> /lib/systemd/system/ssh.service
lrwxrwxrwx  1 root root   35 Jun 23 09:35 zed.service -> /lib/systemd/system/zfs-zed.service
drwxr-xr-x  2 root root 4096 Jun 23 09:35 zfs.target.wants
lrwxrwxrwx  1 root root   41 Jun 23 09:35 smartd.service -> /lib/systemd/system/smartmontools.service
drwxr-xr-x  2 root root 4096 May 11 02:23 zfs-volumes.target.wants
drwxr-xr-x  2 root root 4096 May 11 02:23 network-online.target.wants
lrwxrwxrwx  1 root root   35 May 11 02:23 syslog.service -> /lib/systemd/system/rsyslog.service
drwxr-xr-x  5 root root 4096 May 11 02:23 ..
lrwxrwxrwx  1 root root   45 May 11 02:23 dbus-org.freedesktop.timesync1.service -> /lib/systemd/system/systemd-timesyncd.service
root@pvevn:/etc/systemd/system# more /etc/fstab 
# <file system> <mount point> <type> <options> <dump> <pass>
/dev/pve/root / ext4 errors=remount-ro 0 1
UUID=A236-9422 /boot/efi vfat defaults 0 1
/dev/pve/swap none swap sw 0 0
proc /proc proc defaults 0 0

root@pvevn:/etc/systemd/system# ls
ceph.target.wants			getty.target.wants  multi-user.target.wants  network-online.target.wants  remote-fs.target.wants  sockets.target.wants	sysinit.target.wants  timers.target.wants  zfs-import.target.wants   zfs.target.wants
dbus-org.freedesktop.timesync1.service	iscsi.service	    multipath-tools.service  pve-manager.service	  smartd.service	  sshd.service		syslog.service	      zed.service	   zfs-volumes.target.wants
root@pvevn:/etc/systemd/system# ls -alt
total 52
drwxr-xr-x 13 root root 4096 Sep 18 13:49 .
drwxr-xr-x  2 root root 4096 Sep 18 13:36 multi-user.target.wants
drwxr-xr-x  2 root root 4096 Sep 10 12:59 zfs-import.target.wants
lrwxrwxrwx  1 root root   38 Jun 26 15:48 multipath-tools.service -> /lib/systemd/system/multipathd.service
drwxr-xr-x  2 root root 4096 Jun 26 15:48 sockets.target.wants
drwxr-xr-x  2 root root 4096 Jun 26 15:48 sysinit.target.wants
lrwxrwxrwx  1 root root   38 Jun 23 09:35 pve-manager.service -> /lib/systemd/system/pve-guests.service
drwxr-xr-x  2 root root 4096 Jun 23 09:35 timers.target.wants
drwxr-xr-x  2 root root 4096 Jun 23 09:35 getty.target.wants
drwxr-xr-x  2 root root 4096 Jun 23 09:35 ceph.target.wants
drwxr-xr-x  2 root root 4096 Jun 23 09:35 remote-fs.target.wants
lrwxrwxrwx  1 root root   38 Jun 23 09:35 iscsi.service -> /lib/systemd/system/open-iscsi.service
lrwxrwxrwx  1 root root   31 Jun 23 09:35 sshd.service -> /lib/systemd/system/ssh.service
lrwxrwxrwx  1 root root   35 Jun 23 09:35 zed.service -> /lib/systemd/system/zfs-zed.service
drwxr-xr-x  2 root root 4096 Jun 23 09:35 zfs.target.wants
lrwxrwxrwx  1 root root   41 Jun 23 09:35 smartd.service -> /lib/systemd/system/smartmontools.service
drwxr-xr-x  2 root root 4096 May 11 02:23 zfs-volumes.target.wants
drwxr-xr-x  2 root root 4096 May 11 02:23 network-online.target.wants
lrwxrwxrwx  1 root root   35 May 11 02:23 syslog.service -> /lib/systemd/system/rsyslog.service
drwxr-xr-x  5 root root 4096 May 11 02:23 ..
lrwxrwxrwx  1 root root   45 May 11 02:23 dbus-org.freedesktop.timesync1.service -> /lib/systemd/system/systemd-timesyncd.service
root@pvevn:/etc/systemd/system# cd ..
root@pvevn:/etc/systemd# vi /etc/pve/storage.cfg 
root@pvevn:/etc/systemd# lv
lvchange     lvconvert    lvcreate     lvdisplay    lvextend     lvm          lvmconfig    lvmdiskscan  lvmdump      lvmpolld     lvmsadc      lvmsar       lvreduce     lvremove     lvrename     lvresize     lvs          lvscan       
root@pvevn:/etc/systemd# lvm
lvm> list
  No such command 'list'.  Try 'help'.
lvm> exit
  Exiting.
root@pvevn:/etc/systemd# lv list
-bash: lv: command not found
root@pvevn:/etc/systemd# lvm
lvm          lvmconfig    lvmdiskscan  lvmdump      lvmpolld     lvmsadc      lvmsar       
root@pvevn:/etc/systemd# lvm show
  No such command.  Try 'lvm help'.
root@pvevn:/etc/systemd# lvm help
  Available lvm commands:
  Use 'lvm help <command>' for more information
   
  config          Display and manipulate configuration information
  devtypes        Display recognised built-in block device types
  dumpconfig      Display and manipulate configuration information
  formats         List available metadata formats
  help            Display help for commands
  fullreport      Display full report
  lastlog         Display last command's log report
  lvchange        Change the attributes of logical volume(s)
  lvconvert       Change logical volume layout
  lvcreate        Create a logical volume
  lvdisplay       Display information about a logical volume
  lvextend        Add space to a logical volume
  lvmchange       With the device mapper, this is obsolete and does nothing.
  lvmconfig       Display and manipulate configuration information
  lvmdiskscan     List devices that may be used as physical volumes
  lvmsadc         Collect activity data
  lvmsar          Create activity report
  lvreduce        Reduce the size of a logical volume
  lvremove        Remove logical volume(s) from the system
  lvrename        Rename a logical volume
  lvresize        Resize a logical volume
  lvs             Display information about logical volumes
  lvscan          List all logical volumes in all volume groups
  pvchange        Change attributes of physical volume(s)
  pvresize        Resize physical volume(s)
  pvck            Check the consistency of physical volume(s)
  pvcreate        Initialize physical volume(s) for use by LVM
  pvdata          Display the on-disk metadata for physical volume(s)
  pvdisplay       Display various attributes of physical volume(s)
  pvmove          Move extents from one physical volume to another
  lvpoll          Continue already initiated poll operation on a logical volume
  pvremove        Remove LVM label(s) from physical volume(s)
  pvs             Display information about physical volumes
  pvscan          List all physical volumes
  segtypes        List available segment types
  systemid        Display the system ID, if any, currently set on this host
  tags            List tags defined on this host
  vgcfgbackup     Backup volume group configuration(s)
  vgcfgrestore    Restore volume group configuration
  vgchange        Change volume group attributes
  vgck            Check the consistency of volume group(s)
  vgconvert       Change volume group metadata format
  vgcreate        Create a volume group
  vgdisplay       Display volume group information
  vgexport        Unregister volume group(s) from the system
  vgextend        Add physical volumes to a volume group
  vgimport        Register exported volume group with system
  vgimportclone   Import a VG from cloned PVs
  vgmerge         Merge volume groups
  vgmknodes       Create the special files for volume group devices in /dev
  vgreduce        Remove physical volume(s) from a volume group
  vgremove        Remove volume group(s)
  vgrename        Rename a volume group
  vgs             Display information about volume groups
  vgscan          Search for all volume groups
  vgsplit         Move physical volumes into a new or existing volume group
  version         Display software and driver version information
root@pvevn:/etc/systemd# lvm pvscan
  PV /dev/sdc3   VG pve             lvm2 [<931.01 GiB / 15.99 GiB free]
  PV /dev/sdb    VG backup1         lvm2 [931.51 GiB / 120.00 MiB free]
  Total: 2 [<1.82 TiB] / in use: 2 [<1.82 TiB] / in no VG: 0 [0   ]
root@pvevn:/etc/systemd# pv
pvchange           pvdisplay          pvebanner          pvedaemon          pvefw-logger       pvemailforward     pveperf            pvesh              pvestatd           pveupdate          pvmove             pvs                
pvck               pve5to6            pveceph            pve-efiboot-tool   pve-ha-crm         pvemailforward.pl  pveproxy           pvesm              pvesubscription    pveupgrade         pvremove           pvscan             
pvcreate           pveam              pvecm              pve-firewall       pve-ha-lrm         pvenode            pvereport          pvesr              pveum              pveversion         pvresize           
root@pvevn:/etc/systemd# pvscan 
  PV /dev/sdc3   VG pve             lvm2 [<931.01 GiB / 15.99 GiB free]
  PV /dev/sdb    VG backup1         lvm2 [931.51 GiB / 120.00 MiB free]
  Total: 2 [<1.82 TiB] / in use: 2 [<1.82 TiB] / in no VG: 0 [0   ]
root@pvevn:/etc/systemd# pv
pvchange           pvdisplay          pvebanner          pvedaemon          pvefw-logger       pvemailforward     pveperf            pvesh              pvestatd           pveupdate          pvmove             pvs                
pvck               pve5to6            pveceph            pve-efiboot-tool   pve-ha-crm         pvemailforward.pl  pveproxy           pvesm              pvesubscription    pveupgrade         pvremove           pvscan             
pvcreate           pveam              pvecm              pve-firewall       pve-ha-lrm         pvenode            pvereport          pvesr              pveum              pveversion         pvresize           
root@pvevn:/etc/systemd# pvremove backup1
  Device backup1 not found.
root@pvevn:/etc/systemd# pvremove /dev/sdb
  PV /dev/sdb is used by VG backup1 so please use vgreduce first.
  (If you are certain you need pvremove, then confirm by using --force twice.)
  /dev/sdb: physical volume label not removed.
root@pvevn:/etc/systemd# vg
vgcfgbackup    vgchange       vgconvert      vgdisplay      vgextend       vgimportclone  vgmknodes      vgremove       vgs            vgsplit        
vgcfgrestore   vgck           vgcreate       vgexport       vgimport       vgmerge        vgreduce       vgrename       vgscan         
root@pvevn:/etc/systemd# vgremove backup1
Do you really want to remove volume group "backup1" containing 1 logical volumes? [y/n]: y
Do you really want to remove and DISCARD active logical volume backup1/backup1? [y/n]: y
  Logical volume "backup1" successfully removed
  Volume group "backup1" successfully removed
root@pvevn:/etc/systemd# pvremove backup1
  Device backup1 not found.
root@pvevn:/etc/systemd# pvremove /dev/sdb
  Labels on physical volume "/dev/sdb" successfully wiped.
root@pvevn:/etc/systemd# df
Filesystem           1K-blocks     Used Available Use% Mounted on
udev                  16335880        0  16335880   0% /dev
tmpfs                  3272148    17652   3254496   1% /run
/dev/mapper/pve-root  98559220 39961084  53548588  43% /
tmpfs                 16360728    67488  16293240   1% /dev/shm
tmpfs                     5120        0      5120   0% /run/lock
tmpfs                 16360728        0  16360728   0% /sys/fs/cgroup
/dev/sdc2               523248      312    522936   1% /boot/efi
/dev/fuse                30720       24     30696   1% /etc/pve
tmpfs                  3272144        0   3272144   0% /run/user/0
root@pvevn:/etc/systemd# ls -alt
total 52
drwxr-xr-x 13 root root 4096 Sep 18 13:49 system
drwxr-xr-x 89 root root 4096 Sep 18 10:36 ..
drwxr-xr-x  5 root root 4096 May 11 02:23 .
-rw-r--r--  1 root root 1042 Apr 28 00:02 journald.conf
-rw-r--r--  1 root root 1042 Apr 28 00:02 logind.conf
drwxr-xr-x  2 root root 4096 Apr 28 00:02 network
-rw-r--r--  1 root root  649 Apr 28 00:02 resolved.conf
-rw-r--r--  1 root root 1628 Apr 28 00:02 system.conf
-rw-r--r--  1 root root  677 Apr 28 00:02 timesyncd.conf
drwxr-xr-x  2 root root 4096 Apr 28 00:02 user
-rw-r--r--  1 root root  529 Feb 14  2019 networkd.conf
-rw-r--r--  1 root root  790 Feb 14  2019 sleep.conf
-rw-r--r--  1 root root 1130 Feb 14  2019 user.conf
root@pvevn:/etc/systemd# cd system/
root@pvevn:/etc/systemd/system# ls -alt
total 52
drwxr-xr-x 13 root root 4096 Sep 18 13:49 .
drwxr-xr-x  2 root root 4096 Sep 18 13:36 multi-user.target.wants
drwxr-xr-x  2 root root 4096 Sep 10 12:59 zfs-import.target.wants
lrwxrwxrwx  1 root root   38 Jun 26 15:48 multipath-tools.service -> /lib/systemd/system/multipathd.service
drwxr-xr-x  2 root root 4096 Jun 26 15:48 sockets.target.wants
drwxr-xr-x  2 root root 4096 Jun 26 15:48 sysinit.target.wants
lrwxrwxrwx  1 root root   38 Jun 23 09:35 pve-manager.service -> /lib/systemd/system/pve-guests.service
drwxr-xr-x  2 root root 4096 Jun 23 09:35 timers.target.wants
drwxr-xr-x  2 root root 4096 Jun 23 09:35 getty.target.wants
drwxr-xr-x  2 root root 4096 Jun 23 09:35 ceph.target.wants
drwxr-xr-x  2 root root 4096 Jun 23 09:35 remote-fs.target.wants
lrwxrwxrwx  1 root root   38 Jun 23 09:35 iscsi.service -> /lib/systemd/system/open-iscsi.service
lrwxrwxrwx  1 root root   31 Jun 23 09:35 sshd.service -> /lib/systemd/system/ssh.service
lrwxrwxrwx  1 root root   35 Jun 23 09:35 zed.service -> /lib/systemd/system/zfs-zed.service
drwxr-xr-x  2 root root 4096 Jun 23 09:35 zfs.target.wants
lrwxrwxrwx  1 root root   41 Jun 23 09:35 smartd.service -> /lib/systemd/system/smartmontools.service
drwxr-xr-x  2 root root 4096 May 11 02:23 zfs-volumes.target.wants
drwxr-xr-x  2 root root 4096 May 11 02:23 network-online.target.wants
lrwxrwxrwx  1 root root   35 May 11 02:23 syslog.service -> /lib/systemd/system/rsyslog.service
drwxr-xr-x  5 root root 4096 May 11 02:23 ..
lrwxrwxrwx  1 root root   45 May 11 02:23 dbus-org.freedesktop.timesync1.service -> /lib/systemd/system/systemd-timesyncd.service
root@pvevn:/etc/systemd/system# fdisk /dev/sdb

Welcome to fdisk (util-linux 2.33.1).
Changes will remain in memory only, until you decide to write them.
Be careful before using the write command.

Device does not contain a recognized partition table.
Created a new DOS disklabel with disk identifier 0x8c2b58f9.

Command (m for help): d
No partition is defined yet!

Command (m for help): o

Created a new DOS disklabel with disk identifier 0x18623bb9.

Command (m for help): wq
The partition table has been altered.
Calling ioctl() to re-read partition table.
Syncing disks.

root@pvevn:/etc/systemd/system# fdisk /dev/sdb

Welcome to fdisk (util-linux 2.33.1).
Changes will remain in memory only, until you decide to write them.
Be careful before using the write command.


Command (m for help): g
Created a new GPT disklabel (GUID: 2B4AB3F7-BE8D-074C-8741-DFC36F33C04A).
The old dos signature will be removed by a write command.

Command (m for help): wq

The partition table has been altered.
Calling ioctl() to re-read partition table.
Syncing disks.

root@pvevn:/etc/systemd/system# df
Filesystem           1K-blocks     Used Available Use% Mounted on
udev                  16335880        0  16335880   0% /dev
tmpfs                  3272148    17656   3254492   1% /run
/dev/mapper/pve-root  98559220 39961156  53548516  43% /
tmpfs                 16360728    67488  16293240   1% /dev/shm
tmpfs                     5120        0      5120   0% /run/lock
tmpfs                 16360728        0  16360728   0% /sys/fs/cgroup
/dev/sdc2               523248      312    522936   1% /boot/efi
/dev/fuse                30720       24     30696   1% /etc/pve
tmpfs                  3272144        0   3272144   0% /run/user/0
/dev/sdb1            960380628    77880 911448288   1% /mnt/pve/backup1
root@pvevn:/etc/systemd/system# cd /mnt/^C
root@pvevn:/etc/systemd/system# exit
logout
Connection to 192.1.2.4 closed.
william@william-lubuntu ~ % ssh -l root 192.1.2.1 -p 2222
root@192.1.2.1's password: 
Last failed login: Fri Sep 18 14:27:23 +07 2020 from 203.230.6.175 on ssh:notty
There were 502 failed login attempts since the last successful login.
Last login: Fri Sep 18 10:48:57 2020 from 10.192.130.104
-bash: warning: setlocale: LC_CTYPE: cannot change locale (UTF-8): No such file or directory
[root@mail ~]# docker ps
CONTAINER ID        IMAGE                        COMMAND                  CREATED             STATUS              PORTS                                                                                                                                  NAMES
2a231aa9d02c        roundcube/roundcubemail      "/docker-entrypoint."   2 weeks ago         Up 4 hours          0.0.0.0:8081->80/tcp                                                                                                                   webmail
9ab3de711431        stilliard/pure-ftpd          "/bin/sh -c '/run.sh"   6 weeks ago         Up 4 hours          0.0.0.0:20-21->20-21/tcp, 0.0.0.0:30000-30009->30000-30009/tcp                                                                         ftpd_server
f626af407355        mariadb:10.4                 "docker-entrypoint.s"   7 weeks ago         Up 4 hours          0.0.0.0:3306->3306/tcp                                                                                                                 mariadb
62ba3ffe577d        postfixldap                  "/bin/sh -c /setup.sh"   2 months ago        Up 4 hours          80/tcp, 0.0.0.0:25->25/tcp, 110/tcp, 0.0.0.0:143->143/tcp, 0.0.0.0:587->587/tcp, 0.0.0.0:993->993/tcp, 0.0.0.0:995->995/tcp, 443/tcp   postfixldap
b7afc20b2c63        luodaoyi/kms-server:latest   "/bin/sh -c 'vlmcsdm"   2 months ago        Up 4 hours          0.0.0.0:1688->1688/tcp                                                                                                                 kms
[root@mail ~]# docker exec -it postfixldap bash
[root@62ba3ffe577d /]# tail -f /var/log/maillog 
Sep 18 14:34:52 62ba3ffe577d dovecot: pop3(52002001): Disconnected: Logged out top=0/0, retr=1/22853086, del=0/89, size=180945539
Sep 18 14:34:53 62ba3ffe577d postfix/smtp[845]: BD6757E0FBA: to=<gina.tsui@hlmt.com.tw>, relay=mg-2019.hlmt.com.tw[211.21.158.164]:25, delay=1.6, delays=0.11/0.07/0.42/1, dsn=2.0.0, status=sent (250 2.0.0 Ok: queued as 5902F261556)
Sep 18 14:34:53 62ba3ffe577d postfix/qmgr[146]: BD6757E0FBA: removed
Sep 18 14:34:58 62ba3ffe577d postfix/smtpd[847]: 380697E0FBA: client=localhost[127.0.0.1]
Sep 18 14:34:58 62ba3ffe577d postfix/cleanup[824]: 380697E0FBA: message-id=<000001d68d8e$0fa78e80$2ef6ab80$@hlmt-vn.com>
Sep 18 14:34:58 62ba3ffe577d postfix/qmgr[146]: 380697E0FBA: from=<iris.chen@hlmt-vn.com>, size=446276, nrcpt=1 (queue active)
Sep 18 14:34:58 62ba3ffe577d amavis[603]: (00603-15) Passed CLEAN {RelayedInternal}, MYNETS LOCAL [172.17.0.1]:55897 <iris.chen@hlmt-vn.com> -> <eddy.wang@hlmt-vn.com>, Queue-ID: 5A7C97E0FA1, Message-ID: <000001d68d8e$0fa78e80$2ef6ab80$@hlmt-vn.com>, mail_id: h9SDpkvn6s2G, Hits: -2.898, size: 445835, queued_as: 380697E0FBA, 25736 ms
Sep 18 14:34:58 62ba3ffe577d postfix/lmtp[830]: 5A7C97E0FA1: to=<eddy.wang@hlmt-vn.com>, relay=127.0.0.1[127.0.0.1]:10024, delay=64, delays=0.71/0.03/38/26, dsn=2.0.0, status=sent (250 2.0.0 from MTA(smtp:[127.0.0.1]:10025): 250 2.0.0 Ok: queued as 380697E0FBA)
Sep 18 14:34:58 62ba3ffe577d postfix/virtual[846]: 380697E0FBA: to=<eddy.wang@hlmt-vn.com>, relay=virtual, delay=0.15, delays=0.11/0/0/0.04, dsn=2.0.0, status=sent (delivered to maildir)
Sep 18 14:34:58 62ba3ffe577d postfix/qmgr[146]: 380697E0FBA: removed
Sep 18 14:35:11 62ba3ffe577d postfix/smtpd[847]: BE2247E0FBA: client=localhost[127.0.0.1]
Sep 18 14:35:11 62ba3ffe577d postfix/cleanup[824]: BE2247E0FBA: message-id=<000001d68d8e$0fa78e80$2ef6ab80$@hlmt-vn.com>
Sep 18 14:35:11 62ba3ffe577d postfix/qmgr[146]: BE2247E0FBA: from=<iris.chen@hlmt-vn.com>, size=446282, nrcpt=1 (queue active)
Sep 18 14:35:11 62ba3ffe577d amavis[603]: (00603-16) Passed CLEAN {RelayedOutbound}, MYNETS LOCAL [172.17.0.1]:55897 <iris.chen@hlmt-vn.com> -> <michael.chen@hlmt-cn.com>, Queue-ID: 5A7C97E0FA1, Message-ID: <000001d68d8e$0fa78e80$2ef6ab80$@hlmt-vn.com>, mail_id: KzKiKR8FiCou, Hits: -0.198, size: 445835, queued_as: BE2247E0FBA, 13521 ms
Sep 18 14:35:11 62ba3ffe577d postfix/lmtp[833]: 5A7C97E0FA1: to=<michael.chen@hlmt-cn.com>, relay=127.0.0.1[127.0.0.1]:10024, delay=78, delays=0.71/0.04/63/14, dsn=2.0.0, status=sent (250 2.0.0 from MTA(smtp:[127.0.0.1]:10025): 250 2.0.0 Ok: queued as BE2247E0FBA)
Sep 18 14:35:13 62ba3ffe577d postfix/smtp[845]: BE2247E0FBA: to=<michael.chen@hlmt-cn.com>, relay=mg.hlmt-cn.com[218.104.38.156]:25, delay=1.4, delays=0.08/0/0.19/1.2, dsn=2.0.0, status=sent (250 2.0.0 Ok: queued as B90E51A00EA)
Sep 18 14:35:13 62ba3ffe577d postfix/qmgr[146]: BE2247E0FBA: removed
Sep 18 14:35:17 62ba3ffe577d postfix/smtpd[844]: 7B1D67E0FBA: client=localhost[127.0.0.1]
Sep 18 14:35:17 62ba3ffe577d postfix/cleanup[824]: 7B1D67E0FBA: message-id=<000001d68d8e$0fa78e80$2ef6ab80$@hlmt-vn.com>
Sep 18 14:35:17 62ba3ffe577d postfix/qmgr[146]: 7B1D67E0FBA: from=<iris.chen@hlmt-vn.com>, size=446274, nrcpt=1 (queue active)
Sep 18 14:35:17 62ba3ffe577d amavis[605]: (00605-17) Passed CLEAN {RelayedOutbound}, MYNETS LOCAL [172.17.0.1]:55897 <iris.chen@hlmt-vn.com> -> <jerry.an@hlmt.com.tw>, Queue-ID: 5A7C97E0FA1, Message-ID: <000001d68d8e$0fa78e80$2ef6ab80$@hlmt-vn.com>, mail_id: H81BnBva2PY8, Hits: -2.897, size: 445835, queued_as: 7B1D67E0FBA, 25762 ms
Sep 18 14:35:17 62ba3ffe577d postfix/lmtp[832]: 5A7C97E0FA1: to=<jerry.an@hlmt.com.tw>, relay=127.0.0.1[127.0.0.1]:10024, delay=83, delays=0.71/0.04/57/26, dsn=2.0.0, status=sent (250 2.0.0 from MTA(smtp:[127.0.0.1]:10025): 250 2.0.0 Ok: queued as 7B1D67E0FBA)
Sep 18 14:35:19 62ba3ffe577d postfix/smtp[845]: 7B1D67E0FBA: to=<jerry.an@hlmt.com.tw>, relay=mg-2019.hlmt.com.tw[211.21.158.164]:25, delay=1.6, delays=0.08/0/0.5/1, dsn=2.0.0, status=sent (250 2.0.0 Ok: queued as 23691261238)
Sep 18 14:35:19 62ba3ffe577d postfix/qmgr[146]: 7B1D67E0FBA: removed
^C
[root@62ba3ffe577d /]# exit
exit
[root@mail ~]# cd crontab/
[root@mail crontab]# s
bash: s: command not found...
[root@mail crontab]# ls
crontab  docker.sh  restart.sh
[root@mail crontab]# more docker.sh 
docker run --name kms --restart always -p 1688:1688 luodaoyi/kms-server:latest
docker pull tvial/docker-mailserver:latest
docker run -e DOMAIN_NAME=hlmt-vn.com -e HOST_NAME=mail.hlmt-vn.com -d postfixldap
docker volume create postfixldap_vmail
docker volume create postfixldap_postfix

docker volume create mariadb-data
docker run -v mariadb-data:/var/lib/mysql --name mariadb -d -p 3306:3306 --restart always -e MYSQL_ROOT_PASSWORD=onepizza -d mariadb:10.4

docker network connect myNetwork portal.hlmt-vn.com
docker network connect myNetwork mariadb

docker volume create wp-content
docker run --name portal.hlmt-vn.com -v wp-content:/var/www/html/wp-content -p 8080:80 -d --restart always  mailpoet/wordpress:wp-5.4_php7.4_20200617.1



docker run -e ROUNDCUBEMAIL_DEFAULT_HOST=tls://mail.hlmt-vn.com -e ROUNDCUBEMAIL_SMTP_SERVER=tls://mail.hlmt-vn.com -p 8081:80 -d --restart always --name webmail roundcube/roundcubemail
docker run -d --restart always --name ftpd_server -p 21:21 -p 20:20  -p 30000-30009:30000-30009 -e "PUBLICHOST=localhost" -v ftp-user-db:/etc/pure-ftpd/passwd -v ftp-user-file:/home/ftpusers stilliard/pure-ftpd

[root@mail crontab]# history |grep post
    8  docker build -t postfixldap .
   10  docker build -t postfixldap .
   12  docker build -t postfixldap .
   14  docker build -t postfixldap .
   18  docker build -t postfixldap .
   19  docker run -e domain_name=hlmt-vn.com -t -d postfixldap
   29  docker build -t postfixldap .
   30  docker run -e domain_name=hlmt-vn.com -t -d postfixldap
   32  docker run -e domain_name=hlmt-vn.com  -d postfixldap
   38  docker build -t postfixldap .
   39  docker run -e domain_name=hlmt-vn.com  -d postfixldap
   42  docker build -t postfixldap .
   43  docker run -e domain_name=hlmt-vn.com  -d postfixldap
   47  docker run -e domain_name=hlmt-vn.com   postfixldap
   51  docker build -t postfixldap .
   52  docker run -e domain_name=hlmt-vn.com   postfixldap
   55  docker run -e domain_name=hlmt-vn.com -d  postfixldap
   60  docker build -t postfixldap .
   61  docker run -e domain_name=hlmt-vn.com -d  postfixldap
   63  docker build -t postfixldap .
   64  docker run -e domain_name=hlmt-vn.com -d  postfixldap
   66  docker build -t postfixldap .
   67  docker run -e domain_name=hlmt-vn.com -d  postfixldap
   73  docker build -t postfixldap .
   74  docker run -e domain_name=hlmt-vn.com -d  postfixldap
   81  docker run -e DOMAIN_NAME=hlmt-vn.com -e HOST_NAME=mail.hlmt-vn.com -d postfixld
   89  cd postfix_config/
  110  docker build -t postfixldap .
  111  docker run --name kms --restart always -d postfixld -p 25:25 -p 587:587 -p 143:143 -p 993:993 -p 995:995 -e DOMAIN_NAME=hlmt-vn.com -e HOST_NAME=mail.hlmt-vn.com -e HOST_IP=192.1.0.1 -e SEARCH_BASE=OU=hlmt,dc=hlmt-vn,dc=com -e BIND_DN=cn=ldap,cn=Users,dc=hlmt-vn,dc=com -e BIND_PW=onepizza -e ALIASES=OU=aliases,DC=hlmt-vn,DC=com
  112  docker run --name kms -p 25:25 -p 587:587 -p 143:143 -p 993:993 -p 995:995 -e DOMAIN_NAME=hlmt-vn.com -e HOST_NAME=mail.hlmt-vn.com -e HOST_IP=192.1.0.1 -e SEARCH_BASE=OU=hlmt,dc=hlmt-vn,dc=com -e BIND_DN=cn=ldap,cn=Users,dc=hlmt-vn,dc=com -e BIND_PW=onepizza -e ALIASES=OU=aliases,DC=hlmt-vn,DC=com --restart always -d postfixld 
  113  docker run --name kms -p 25:25 -p 587:587 -p 143:143 -p 993:993 -p 995:995 -e DOMAIN_NAME=hlmt-vn.com -e HOST_NAME=mail.hlmt-vn.com -e HOST_IP=192.1.0.1 -e SEARCH_BASE=OU=hlmt,dc=hlmt-vn,dc=com -e BIND_DN=cn=ldap,cn=Users,dc=hlmt-vn,dc=com -e BIND_PW=onepizza -e ALIASES=OU=aliases,DC=hlmt-vn,DC=com --restart always -d postfixldap 
  114  docker run --name postfixldap -p 25:25 -p 587:587 -p 143:143 -p 993:993 -p 995:995 -e DOMAIN_NAME=hlmt-vn.com -e HOST_NAME=mail.hlmt-vn.com -e HOST_IP=192.1.0.1 -e SEARCH_BASE=OU=hlmt,dc=hlmt-vn,dc=com -e BIND_DN=cn=ldap,cn=Users,dc=hlmt-vn,dc=com -e BIND_PW=onepizza -e ALIASES=OU=aliases,DC=hlmt-vn,DC=com --restart always -d postfixldap 
  117  systemctl stop postfix
  119  systemctl disable postfix
  120  docker run --name postfixldap -p 25:25 -p 587:587 -p 143:143 -p 993:993 -p 995:995 -e DOMAIN_NAME=hlmt-vn.com -e HOST_NAME=mail.hlmt-vn.com -e HOST_IP=192.1.0.1 -e SEARCH_BASE=OU=hlmt,dc=hlmt-vn,dc=com -e BIND_DN=cn=ldap,cn=Users,dc=hlmt-vn,dc=com -e BIND_PW=onepizza -e ALIASES=OU=aliases,DC=hlmt-vn,DC=com --restart always -d postfixldap 
  121  docker rm postfixldap 
  122  docker run --name postfixldap -p 25:25 -p 587:587 -p 143:143 -p 993:993 -p 995:995 -e DOMAIN_NAME=hlmt-vn.com -e HOST_NAME=mail.hlmt-vn.com -e HOST_IP=192.1.0.1 -e SEARCH_BASE=OU=hlmt,dc=hlmt-vn,dc=com -e BIND_DN=cn=ldap,cn=Users,dc=hlmt-vn,dc=com -e BIND_PW=onepizza -e ALIASES=OU=aliases,DC=hlmt-vn,DC=com --restart always -d postfixldap 
  123  docker exec -it postfixldap bas
  124  docker exec -it postfixldap basjh
  125  docker exec -it postfixldap bash
  134  docker stop postfixldap 
  135  vi postfix_config/main.cf 
  142  docker build -t postfixldap .
  144  docker run --name postfixldap -p 25:25 -p 587:587 -p 143:143 -p 993:993 -p 995:995 -e DOMAIN_NAME=hlmt-vn.com -e HOST_NAME=mail.hlmt-vn.com -e HOST_IP=192.1.0.227 -e SEARCH_BASE=OU=hlmt,dc=hlmt-vn,dc=com -e BIND_DN=cn=ldap,cn=Users,dc=hlmt-vn,dc=com -e BIND_PW=onepizza -e ALIASES=OU=aliases,DC=hlmt-vn,DC=com -e MY_NETWORKS=192.1.0.0/24
  145  docker run --name postfixldap -p 25:25 -p 587:587 -p 143:143 -p 993:993 -p 995:995 -e DOMAIN_NAME=hlmt-vn.com -e HOST_NAME=mail.hlmt-vn.com -e HOST_IP=192.1.0.227 -e SEARCH_BASE=OU=hlmt,dc=hlmt-vn,dc=com -e BIND_DN=cn=ldap,cn=Users,dc=hlmt-vn,dc=com -e BIND_PW=onepizza -e ALIASES=OU=aliases,DC=hlmt-vn,DC=com -e MY_NETWORKS=192.1.0.0/24 --restart always -d postfixldap 
  146  docker rm postfixldap 
  147  docker run --name postfixldap -p 25:25 -p 587:587 -p 143:143 -p 993:993 -p 995:995 -e DOMAIN_NAME=hlmt-vn.com -e HOST_NAME=mail.hlmt-vn.com -e HOST_IP=192.1.0.227 -e SEARCH_BASE=OU=hlmt,dc=hlmt-vn,dc=com -e BIND_DN=cn=ldap,cn=Users,dc=hlmt-vn,dc=com -e BIND_PW=onepizza -e ALIASES=OU=aliases,DC=hlmt-vn,DC=com -e MY_NETWORKS=192.1.0.0/24 --restart always -d postfixldap 
  150  docker exec -it postfixldap bash
  151  docker stop postfixldap 
  152  docker rm postfixldap 
  154  docker run --name postfixldap -p 25:25 -p 587:587 -p 143:143 -p 993:993 -p 995:995 -e DOMAIN_NAME=hlmt-vn.com -e HOST_NAME=mail.hlmt-vn.com -e HOST_IP=192.1.0.227 -e SEARCH_BASE=OU=hlmt,dc=hlmt-vn,dc=com -e BIND_DN=cn=ldap,cn=Users,dc=hlmt-vn,dc=com -e BIND_PW=onepizza -e ALIASES=OU=aliases,DC=hlmt-vn,DC=com -e MY_NETWORKS=192.1.0.0\/24 --restart always -d postfixldap 
  155  docker exec -it postfixldap bash
  156  docker stop postfixldap 
  157  docker rm postfixldap 
  159  docker run --name postfixldap -p 25:25 -p 587:587 -p 143:143 -p 993:993 -p 995:995 -e DOMAIN_NAME=hlmt-vn.com -e HOST_NAME=mail.hlmt-vn.com -e HOST_IP=192.1.0.227 -e SEARCH_BASE=OU=hlmt,dc=hlmt-vn,dc=com -e BIND_DN=cn=ldap,cn=Users,dc=hlmt-vn,dc=com -e BIND_PW=onepizza -e ALIASES=OU=aliases,DC=hlmt-vn,DC=com -e MY_NETWORKS=192" --restart always -d postfixldap 
  160  docker run --name postfixldap -p 25:25 -p 587:587 -p 143:143 -p 993:993 -p 995:995 -e DOMAIN_NAME=hlmt-vn.com -e HOST_NAME=mail.hlmt-vn.com -e HOST_IP=192.1.0.227 -e SEARCH_BASE=OU=hlmt,dc=hlmt-vn,dc=com -e BIND_DN=cn=ldap,cn=Users,dc=hlmt-vn,dc=com -e BIND_PW=onepizza -e ALIASES=OU=aliases,DC=hlmt-vn,DC=com -e MY_NETWORKS="192" --restart always -d postfixldap 
  161  docker exec -it postfixldap bash
  162  docker stop postfixldap 
  163  docker rm postfixldap 
  164  docker run --name postfixldap -p 25:25 -p 587:587 -p 143:143 -p 993:993 -p 995:995 -e DOMAIN_NAME=hlmt-vn.com -e HOST_NAME=mail.hlmt-vn.com -e HOST_IP=192.1.0.227 -e SEARCH_BASE=OU=hlmt,dc=hlmt-vn,dc=com -e BIND_DN=cn=ldap,cn=Users,dc=hlmt-vn,dc=com -e BIND_PW=onepizza -e ALIASES=OU=aliases,DC=hlmt-vn,DC=com -e MY_NETWORKS="192.1.0.0\/24" --restart always -d postfixldap 
  165  docker exec -it postfixldap bash
  167  docker exec -it postfixldap bash
  168  docker stop postfixldap 
  169  docker rm postfixldap 
  170  docker run --name postfixldap -v /etc/letsencrypt:/etc/letsencrypt
  171  -p 25:25 -p 587:587 -p 143:143 -p 993:993 -p 995:995 -e DOMAIN_NAME=hlmt-vn.com -e HOST_NAME=mail.hlmt-vn.com -e HOST_IP=192.1.0.227 -e SEARCH_BASE=OU=hlmt,dc=hlmt-vn,dc=com -e BIND_DN=cn=ldap,cn=Users,dc=hlmt-vn,dc=com -e BIND_PW=onepizza -e ALIASES=OU=aliases,DC=hlmt-vn,DC=com -e MY_NETWORKS="192.1.0.0\/24" --restart always -d postfixldap 
  172  docker run --name postfixldap -v /etc/letsencrypt:/etc/letsencrypt -p 25:25 -p 587:587 -p 143:143 -p 993:993 -p 995:995 -e DOMAIN_NAME=hlmt-vn.com -e HOST_NAME=mail.hlmt-vn.com -e HOST_IP=192.1.0.227 -e SEARCH_BASE=OU=hlmt,dc=hlmt-vn,dc=com -e BIND_DN=cn=ldap,cn=Users,dc=hlmt-vn,dc=com -e BIND_PW=onepizza -e ALIASES=OU=aliases,DC=hlmt-vn,DC=com -e MY_NETWORKS="192.1.0.0\/24" --restart always -d postfixldap 
  173  docker exec -it postfixldap bash
  177  docker exec -it postfixldap bash
  178  cd postfix_config/
  186  docker exec -it postfixldap bash
  194  docker build -t postfixldap .
  195  docker stop postfixldap 
  196  docker rm postfixldap 
  197  docker run --name postfixldap -v /etc/letsencrypt:/etc/letsencrypt -p 25:25 -p 587:587 -p 143:143 -p 993:993 -p 995:995 -e DOMAIN_NAME=hlmt-vn.com -e HOST_NAME=mail.hlmt-vn.com -e HOST_IP=192.1.0.227 -e SEARCH_BASE=OU=hlmt,dc=hlmt-vn,dc=com -e BIND_DN=cn=ldap,cn=Users,dc=hlmt-vn,dc=com -e BIND_PW=onepizza -e ALIASES=OU=aliases,DC=hlmt-vn,DC=com -e MY_NETWORKS="192.1.0.0\/24" --restart always -d postfixldap 
  200  docker exec -it postfixldap bash
  202  docker exec -it postfixldap bash
  203  docker restart postfixldap 
  204  docker exec -it postfixldap bash
  206  docker exec -it postfixldap bash
  208  cd postfix_config/
  209  postmap recipient_bcc 
  210  postmap sender_vip 
  211  postmap sender_bcc 
  214  postmap helo_check 
  217  docker exec -it postfixldap bash
  220  docker stop postfixldap 
  221  vi postfix_config/main.cf 
  222  docker build -t postfixldap .
  223  docker run --name postfixldap -v /etc/letsencrypt:/etc/letsencrypt -p 25:25 -p 587:587 -p 143:143 -p 993:993 -p 995:995 -e DOMAIN_NAME=hlmt-vn.com -e HOST_NAME=mail.hlmt-vn.com -e HOST_IP=192.1.0.227 -e SEARCH_BASE=OU=hlmt,dc=hlmt-vn,dc=com -e BIND_DN=cn=ldap,cn=Users,dc=hlmt-vn,dc=com -e BIND_PW=onepizza -e ALIASES=OU=aliases,DC=hlmt-vn,DC=com -e MY_NETWORKS="192.1.0.0\/24" --restart always -d postfixldap 
  224  docker rm  postfixldap 
  225  docker run --name postfixldap -v /etc/letsencrypt:/etc/letsencrypt -p 25:25 -p 587:587 -p 143:143 -p 993:993 -p 995:995 -e DOMAIN_NAME=hlmt-vn.com -e HOST_NAME=mail.hlmt-vn.com -e HOST_IP=192.1.0.227 -e SEARCH_BASE=OU=hlmt,dc=hlmt-vn,dc=com -e BIND_DN=cn=ldap,cn=Users,dc=hlmt-vn,dc=com -e BIND_PW=onepizza -e ALIASES=OU=aliases,DC=hlmt-vn,DC=com -e MY_NETWORKS="192.1.0.0\/24" --restart always -d postfixldap 
  226  docker exec -it postfixldap bash
  228  docker exec -it postfixldap bash
  230  docker exec -it postfixldap bash
  232  docker stop postfixldap 
  233  docker rm postfixldap 
  234  docker build -t postfixldap .
  235  docker run --name postfixldap -v /etc/letsencrypt:/etc/letsencrypt -p 25:25 -p 587:587 -p 143:143 -p 993:993 -p 995:995 -e DOMAIN_NAME=hlmt-vn.com -e HOST_NAME=mail.hlmt-vn.com -e HOST_IP=192.1.0.227 -e SEARCH_BASE=OU=hlmt,dc=hlmt-vn,dc=com -e BIND_DN=cn=ldap,cn=Users,dc=hlmt-vn,dc=com -e BIND_PW=onepizza -e ALIASES=OU=aliases,DC=hlmt-vn,DC=com -e MY_NETWORKS="192.1.0.0\/24" --restart always -d postfixldap 
  236  docker exec -it postfixldap bash
  238  cd postfix_config/
  240  docker exec -it postfixldap bash
  242  docker exec -it postfixldap bash
  249  docker exec -it postfixldap bash
  257  docker exec -it postfixldap bash
  263  docker exec -it postfixldap bash
  265  docker exec -it postfixldap bash
  267  docker exec -it postfixldap bash
  270  docker stop postfixldap 
  271  vi postfix_config/main.cf 
  272  docker start postfixldap 
  273  docker exec -it postfixldap bash
  288  vi postfix_config/main.cf 
  289  vi postfix_config/ldap-users.cf 
  291   docker build -t postfixldap .
  294   docker build -t postfixldap .
  295  docker stop postfixldap 
  296  docker rm postfixldap 
  297  docker run --name postfixldap -v /etc/letsencrypt:/etc/letsencrypt -p 25:25 -p 587:587 -p 143:143 -p 993:993 -p 995:995 -e DOMAIN_NAME=hlmt-vn.com -e HOST_NAME=mail.hlmt-vn.com -e HOST_IP=192.1.0.227 -e SEARCH_BASE=OU=hlmt,dc=hlmt-vn,dc=com -e BIND_DN=cn=ldap,cn=Users,dc=hlmt-vn,dc=com -e BIND_PW=onepizza -e ALIASES=OU=aliases,DC=hlmt-vn,DC=com -e MY_NETWORKS="192.1.0.0\/24" --restart always -d postfixldap 
  298  docker exec -it postfixldap bash
  302  docker exec -it postfixldap bash
  310  docker stop postfixldap 
  311  docker rm postfixldap 
  312   docker build -t postfixldap .
  313  docker run --name postfixldap -v /etc/letsencrypt:/etc/letsencrypt -p 25:25 -p 587:587 -p 143:143 -p 993:993 -p 995:995 -e DOMAIN_NAME=hlmt-vn.com -e HOST_NAME=mail.hlmt-vn.com -e HOST_IP=192.1.0.227 -e SEARCH_BASE=OU=hlmt,dc=hlmt-vn,dc=com -e BIND_DN=cn=ldap,cn=Users,dc=hlmt-vn,dc=com -e BIND_PW=onepizza -e ALIASES=OU=aliases,DC=hlmt-vn,DC=com -e MY_NETWORKS="192.1.0.0\/24" --restart always -d postfixldap 
  314  docker exec -it postfixldap bash
  323  docker exec -it postfixldap bash
  325  docekr stop postfix_config/
  326  docker stop postfixldap 
  327  docker rm postfixldap 
  328   docker build -t postfixldap .
  329  docker run --name postfixldap -v /etc/letsencrypt:/etc/letsencrypt -p 25:25 -p 587:587 -p 143:143 -p 993:993 -p 995:995 -e DOMAIN_NAME=hlmt-vn.com -e HOST_NAME=mail.hlmt-vn.com -e HOST_IP=192.1.0.227 -e SEARCH_BASE=OU=hlmt,dc=hlmt-vn,dc=com -e BIND_DN=cn=ldap,cn=Users,dc=hlmt-vn,dc=com -e BIND_PW=onepizza -e ALIASES=OU=aliases,DC=hlmt-vn,DC=com -e MY_NETWORKS="192.1.0.0\/24" --restart always -d postfixldap 
  330  docker exec -it postfixldap bash
  331  docker restart postfixldap 
  332  docker exec -it postfixldap bash
  333  docker run --name postfixldap -v /etc/letsencrypt:/etc/letsencrypt -p 25:25 -p 587:587 -p 143:143 -p 993:993 -p 995:995 -e DOMAIN_NAME=hlmt-vn.com -e HOST_NAME=mail.hlmt-vn.com -e HOST_IP=192.1.0.227 -e SEARCH_BASE=OU=hlmt,dc=hlmt-vn,dc=com -e BIND_DN=cn=ldap,cn=Users,dc=hlmt-vn,dc=com -e BIND_PW=onepizza -e ALIASES=OU=aliases,DC=hlmt-vn,DC=com -e MY_NETWORKS="192.1.0.0\/24" --restart always -d postfixldap 
  334  docker exec -it postfixldap bash
  339  docker volume create postfixldap_vmail
  341  docker volume create postfixldap_postfix
  349  docker stop postfixldap 
  350  docker rm postfixldap 
  358  docker run --name postfixldap -v /etc/letsencrypt:/etc/letsencrypt -v postfixldap_vmail:/home/vmail -v postfixldap_postfix:/etc/postfix -p 25:25 -p 587:587 -p 143:143 -p 993:993 -p 995:995 -e DOMAIN_NAME=hlmt-vn.com -e HOST_NAME=mail.hlmt-vn.com -e HOST_IP=192.1.0.227 -e SEARCH_BASE=OU=hlmt,dc=hlmt-vn,dc=com -e BIND_DN=cn=ldap,cn=Users,dc=hlmt-vn,dc=com -e BIND_PW=onepizza -e ALIASES=OU=aliases,DC=hlmt-vn,DC=com -e MY_NETWORKS="192.1.0.0\/24" --restart always -d postfixldap 
  360  ls -alt /docker/volumes/postfixldap_postfix/
  361  ls -alt /docker/volumes/postfixldap_postfix/_data/
  362  vi /docker/volumes/postfixldap_postfix/_data/main.cf 
  363  docker exec -it postfixldap bash
  365  docker exec -it postfixldap bash
  366  docker restart postfixldap 
  373  cd /docker/volumes/postfixldap_vmail/
  410  docker exec -it postfixldap bash
  416  docker exec -it postfixldap bash
  444  mkdir postfixad
  445  cd postfixad/
  461  cp -R ../postfixad/* .
  488  docker exec -it postfixldap bash
  490  docker exec -it postfixldap bash
  491  docker restart postfixldap 
  492  docker exec -it postfixldap bash
  496  docker exec -it postfixldap bash
  557  docker exec -it postfixldap base
  558  docker exec -it postfixldap bash
  560  docker exec -it postfixldap bash
  562  docker exec -it postfixldap bash
  564  docker exec -it postfixldap bash
  581  docker exec -it postfixldap bash
  618  docker exec -it postfixldap bash
  621  docker exec -it postfixldap bash
  641  docker exec -it postfixldap bash
  748  docker exec -it postfixldap bash
  783  docker exec -it postfixldap bash
  802  docker exec -it postfixldap bash
  805  docker exec -it postfixldap bash
  811  docker exec -it postfixldap bash
  815  docker exec -it postfixldap bash
  818  docker exec -it postfixldap bash
  819  ps -ef|grep postfix
  820  systemctl stop postfix
  822  docker exec -it postfixldap bash
  824  docker restart postfixldap 
  825  docker exec -it postfixldap bash
  843  docker exec -it postfixldap bash
  848  docker exec -it postfixldap bash
  849  docker restart postfixldap 
  859  docker exec -it postfixldap bash
  913  docker exec -it postfixldap bash
  920  docker exec -it postfixldap bash
  924  docker exec -it postfixldap bash
  925  docker restart postfixldap 
  926  docker exec -it postfixldap bash
  940  docker exec -it postfixldap bash
  977  docker exec -it postfixldap bash
  983  docker exec -it postfixldap bash
  986  docker exec -it postfixldap bash
  992  docker exec -it postfixldap bash
  996  docker exec -it postfixldap bash
  998  docker exec -it postfixldap bash
 1001  docker exec -it postfixldap bash
 1006  history |grep post
[root@mail crontab]# ^C
[root@mail crontab]# docker pull inmethod/centos-7_postfix_amavisd_active-directory
Using default tag: latest
latest: Pulling from inmethod/centos-7_postfix_amavisd_active-directory
75f829a71a1c: Pull complete 
5ad7cee85911: Pull complete 
69c0cac21c3f: Pull complete 
8b0b74a2f6d8: Pull complete 
c302f132376a: Pull complete 
191c2253d85a: Pull complete 
f0d855d1d880: Pull complete 
1c2ac3df0ba2: Pull complete 
409868a5d9b6: Pull complete 
4e379231ea03: Pull complete 
840f5b584181: Pull complete 
2707516e8d74: Pull complete 
b2b615cb0af2: Pull complete 
e8eb10e812e4: Pull complete 
66fa8f2dbea4: Pull complete 
15d7f72cd7b2: Pull complete 
8bcb25de7ea9: Pull complete 
d2b102437922: Pull complete 
Digest: sha256:333e978b57729ae73d76555a66758e0874df109ad46d33579d0a9406b35bf297
Status: Downloaded newer image for inmethod/centos-7_postfix_amavisd_active-directory:latest
docker.io/inmethod/centos-7_postfix_amavisd_active-directory:latest
[root@mail crontab]# /usr/share/
Display all 289 possibilities? (y or n)
[root@mail crontab]# /usr/share/zoneinfo/
Africa/     America/    Antarctica/ Arctic/     Asia/       Atlantic/   Australia/  Brazil/     Canada/     Chile/      Etc/        Europe/     Indian/     Mexico/     Pacific/    posix/      right/      US/         
[root@mail crontab]# /usr/share/zoneinfo/Asia/^C
[root@mail crontab]# ls -al /usr/share/zoneinfo/A
Africa/     America/    Antarctica/ Arctic/     Asia/       Atlantic/   Australia/  
[root@mail crontab]# ls -al /usr/share/zoneinfo/A
Africa/     America/    Antarctica/ Arctic/     Asia/       Atlantic/   Australia/  
[root@mail crontab]# ls -al /usr/share/zoneinfo/Asia/
total 440
drwxr-xr-x.  2 root root 4096 Jul  9 17:44 .
drwxr-xr-x. 20 root root 4096 Jul  9 17:44 ..
-rw-r--r--.  3 root root  159 Apr 30 21:59 Aden
-rw-r--r--.  1 root root 1003 Apr 30 21:59 Almaty
-rw-r--r--.  1 root root 8620 Apr 30 21:59 Amman
-rw-r--r--.  1 root root 1194 Apr 30 21:59 Anadyr
-rw-r--r--.  1 root root  989 Apr 30 21:59 Aqtau
-rw-r--r--.  1 root root 1019 Apr 30 21:59 Aqtobe
-rw-r--r--.  2 root root  623 Apr 30 21:59 Ashgabat
-rw-r--r--.  2 root root  623 Apr 30 21:59 Ashkhabad
-rw-r--r--.  1 root root  997 Apr 30 21:59 Atyrau
-rw-r--r--.  1 root root  964 Apr 30 21:59 Baghdad
-rw-r--r--.  2 root root  197 Apr 30 21:59 Bahrain
-rw-r--r--.  1 root root 1241 Apr 30 21:59 Baku
-rw-r--r--.  3 root root  180 Apr 30 21:59 Bangkok
-rw-r--r--.  1 root root 1227 Apr 30 21:59 Barnaul
-rw-r--r--.  1 root root 2149 Apr 30 21:59 Beirut
-rw-r--r--.  1 root root 1017 Apr 30 21:59 Bishkek
-rw-r--r--.  1 root root  201 Apr 30 21:59 Brunei
-rw-r--r--.  2 root root  286 Apr 30 21:59 Calcutta
-rw-r--r--.  1 root root 1229 Apr 30 21:59 Chita
-rw-r--r--.  1 root root  963 Apr 30 21:59 Choibalsan
-rw-r--r--.  5 root root  556 Apr 30 21:59 Chongqing
-rw-r--r--.  5 root root  556 Apr 30 21:59 Chungking
-rw-r--r--.  1 root root  373 Apr 30 21:59 Colombo
-rw-r--r--.  2 root root  330 Apr 30 21:59 Dacca
-rw-r--r--.  1 root root 2306 Apr 30 21:59 Damascus
-rw-r--r--.  2 root root  330 Apr 30 21:59 Dhaka
-rw-r--r--.  1 root root  225 Apr 30 21:59 Dili
-rw-r--r--.  2 root root  159 Apr 30 21:59 Dubai
-rw-r--r--.  1 root root  593 Apr 30 21:59 Dushanbe
-rw-r--r--.  1 root root 2028 Apr 30 21:59 Famagusta
-rw-r--r--.  1 root root 2325 Apr 30 21:59 Gaza
-rw-r--r--.  5 root root  556 Apr 30 21:59 Harbin
-rw-r--r--.  1 root root 2353 Apr 30 21:59 Hebron
-rw-r--r--.  2 root root  361 Apr 30 21:59 Ho_Chi_Minh
-rw-r--r--.  2 root root 1217 Apr 30 21:59 Hong_Kong
-rw-r--r--.  1 root root  893 Apr 30 21:59 Hovd
-rw-r--r--.  1 root root 1236 Apr 30 21:59 Irkutsk
-rw-r--r--.  3 root root 1930 Apr 30 21:59 Istanbul
-rw-r--r--.  1 root root  366 Apr 30 21:59 Jakarta
-rw-r--r--.  1 root root  237 Apr 30 21:59 Jayapura
-rw-r--r--.  3 root root 9037 Apr 30 21:59 Jerusalem
-rw-r--r--.  1 root root  189 Apr 30 21:59 Kabul
-rw-r--r--.  1 root root 1170 Apr 30 21:59 Kamchatka
-rw-r--r--.  1 root root  403 Apr 30 21:59 Karachi
-rw-r--r--.  2 root root  159 Apr 30 21:59 Kashgar
-rw-r--r--.  2 root root  210 Apr 30 21:59 Kathmandu
-rw-r--r--.  2 root root  210 Apr 30 21:59 Katmandu
-rw-r--r--.  1 root root 1283 Apr 30 21:59 Khandyga
-rw-r--r--.  2 root root  286 Apr 30 21:59 Kolkata
-rw-r--r--.  1 root root 1215 Apr 30 21:59 Krasnoyarsk
-rw-r--r--.  1 root root  384 Apr 30 21:59 Kuala_Lumpur
-rw-r--r--.  1 root root  493 Apr 30 21:59 Kuching
-rw-r--r--.  3 root root  159 Apr 30 21:59 Kuwait
-rw-r--r--.  2 root root 1241 Apr 30 21:59 Macao
-rw-r--r--.  2 root root 1241 Apr 30 21:59 Macau
-rw-r--r--.  1 root root 1230 Apr 30 21:59 Magadan
-rw-r--r--.  2 root root  274 Apr 30 21:59 Makassar
-rw-r--r--.  1 root root  333 Apr 30 21:59 Manila
-rw-r--r--.  2 root root  159 Apr 30 21:59 Muscat
-rw-r--r--.  2 root root 2002 Apr 30 21:59 Nicosia
-rw-r--r--.  1 root root 1169 Apr 30 21:59 Novokuznetsk
-rw-r--r--.  1 root root 1227 Apr 30 21:59 Novosibirsk
-rw-r--r--.  1 root root 1215 Apr 30 21:59 Omsk
-rw-r--r--.  1 root root 1011 Apr 30 21:59 Oral
-rw-r--r--.  3 root root  180 Apr 30 21:59 Phnom_Penh
-rw-r--r--.  1 root root  381 Apr 30 21:59 Pontianak
-rw-r--r--.  1 root root  253 Apr 30 21:59 Pyongyang
-rw-r--r--.  2 root root  197 Apr 30 21:59 Qatar
-rw-r--r--.  1 root root 1019 Apr 30 21:59 Qostanay
-rw-r--r--.  1 root root 1049 Apr 30 21:59 Qyzylorda
-rw-r--r--.  2 root root  257 Apr 30 21:59 Rangoon
-rw-r--r--.  3 root root  159 Apr 30 21:59 Riyadh
-rw-r--r--.  2 root root  361 Apr 30 21:59 Saigon
-rw-r--r--.  1 root root 1206 Apr 30 21:59 Sakhalin
-rw-r--r--.  1 root root  591 Apr 30 21:59 Samarkand
-rw-r--r--.  2 root root  645 Apr 30 21:59 Seoul
-rw-r--r--.  5 root root  556 Apr 30 21:59 Shanghai
-rw-r--r--.  2 root root  384 Apr 30 21:59 Singapore
-rw-r--r--.  1 root root 1216 Apr 30 21:59 Srednekolymsk
-rw-r--r--.  2 root root  764 Apr 30 21:59 Taipei
-rw-r--r--.  1 root root  607 Apr 30 21:59 Tashkent
-rw-r--r--.  1 root root 1040 Apr 30 21:59 Tbilisi
-rw-r--r--.  2 root root 9776 Apr 30 21:59 Tehran
-rw-r--r--.  3 root root 9037 Apr 30 21:59 Tel_Aviv
-rw-r--r--.  2 root root  201 Apr 30 21:59 Thimbu
-rw-r--r--.  2 root root  201 Apr 30 21:59 Thimphu
-rw-r--r--.  2 root root  292 Apr 30 21:59 Tokyo
-rw-r--r--.  1 root root 1227 Apr 30 21:59 Tomsk
-rw-r--r--.  2 root root  274 Apr 30 21:59 Ujung_Pandang
-rw-r--r--.  2 root root  893 Apr 30 21:59 Ulaanbaatar
-rw-r--r--.  2 root root  893 Apr 30 21:59 Ulan_Bator
-rw-r--r--.  2 root root  159 Apr 30 21:59 Urumqi
-rw-r--r--.  1 root root 1262 Apr 30 21:59 Ust-Nera
-rw-r--r--.  3 root root  180 Apr 30 21:59 Vientiane
-rw-r--r--.  1 root root 1216 Apr 30 21:59 Vladivostok
-rw-r--r--.  1 root root 1215 Apr 30 21:59 Yakutsk
-rw-r--r--.  2 root root  257 Apr 30 21:59 Yangon
-rw-r--r--.  1 root root 1253 Apr 30 21:59 Yekaterinburg
-rw-r--r--.  1 root root 1185 Apr 30 21:59 Yerevan
[root@mail crontab]# ls -al /usr/share/zoneinfo/Asia/H
Harbin       Hebron       Ho_Chi_Minh  Hong_Kong    Hovd         
[root@mail crontab]# ls -al /usr/share/zoneinfo/Asia/H^C
[root@mail crontab]# docker exec -it postfixldap bash
[root@62ba3ffe577d /]# tail -f /var/log/maillog 
Sep 18 14:36:49 62ba3ffe577d postfix/lmtp[825]: A94137E0FBA: to=<julie.ruan@hlmt-vn.com>, relay=127.0.0.1[127.0.0.1]:10024, delay=65, delays=0.66/0/43/21, dsn=2.0.0, status=sent (250 2.0.0 from MTA(smtp:[127.0.0.1]:10025): 250 2.0.0 Ok: queued as 1D9A07E0FA1)
Sep 18 14:36:49 62ba3ffe577d postfix/qmgr[146]: A94137E0FBA: removed
Sep 18 14:36:49 62ba3ffe577d postfix/virtual[846]: 1D9A07E0FA1: to=<julie.ruan@hlmt-vn.com>, relay=virtual, delay=0.09, delays=0.07/0/0/0.02, dsn=2.0.0, status=sent (delivered to maildir)
Sep 18 14:36:49 62ba3ffe577d postfix/qmgr[146]: 1D9A07E0FA1: removed
Sep 18 14:37:56 62ba3ffe577d postfix/smtpd[880]: warning: database /etc/postfix/helo_check.db is older than source file /etc/postfix/helo_check
Sep 18 14:37:56 62ba3ffe577d postfix/smtpd[880]: connect from gateway[172.17.0.1]
Sep 18 14:38:00 62ba3ffe577d postfix/anvil[476]: statistics: max connection rate 3/60s for (smtp:172.17.0.1) at Sep 18 14:35:44
Sep 18 14:38:00 62ba3ffe577d postfix/anvil[476]: statistics: max connection count 2 for (smtp:172.17.0.1) at Sep 18 14:35:44
Sep 18 14:38:00 62ba3ffe577d postfix/anvil[476]: statistics: max cache size 2 at Sep 18 14:34:47
Sep 18 14:38:00 62ba3ffe577d postfix/smtpd[880]: disconnect from gateway[172.17.0.1]
^C
[root@62ba3ffe577d /]# postfix stop pos^C
[root@62ba3ffe577d /]# docker stop^C
[root@62ba3ffe577d /]# exit
exit
[root@mail crontab]# docker stop postfixldap ; docker volume create postfixldap_postfix_2;
postfixldap
postfixldap_postfix_2
[root@mail crontab]# docker run --name postfixad -v /etc/letsencrypt:/etc/letsencrypt -v postfixldap_vmail:/home/vmail -v postfixldap_postfix_2:/etc/postfix -p 25:25 -p 465:465 -p 587:587 -p 143:143 -p 993:993 -p 995:995 -e DOMAIN_NAME=hlmt-vn.com -e HOST_NAME=mail.hlmt-vn.com -e HOST_IP=192.1.2.227 -e SEARCH_BASE=OU=hlmt,dc=hlmt-vn,dc=com -e TZ="Asia/Ho_Chi_Minh" -e BIND_DN=cn=ldap,cn=Users,dc=hlmt-vn,dc=com -e BIND_PW=onepizza -e ALIASES=OU=aliases,DC=hlmt-vn,DC=com -e MY_NETWORKS="192.1.0.0\/22" --restart always -d inmethod/centos-7_postfix_amavisd_active-directory
2f96bfbc1355254eb0d097b24fb83f492f6b13ff06d9bab4df0405da7fd7fe38
[root@mail crontab]# docker exec -it postfixad bash
[root@2f96bfbc1355 /]# tail -f /var/log/maillog 
Sep 18 14:42:54 2f96bfbc1355 opendkim[198]: OpenDKIM Filter: Unable to create listening socket on conn inet:8891@localhost
Sep 18 14:42:54 2f96bfbc1355 opendkim[198]: smfi_opensocket() failed
Sep 18 14:42:54 2f96bfbc1355 dovecot: master: Fatal: Dovecot is already running with PID 99 (read from /var/run/dovecot/master.pid)
Sep 18 14:42:54 2f96bfbc1355 postfix/postfix-script[209]: fatal: the Postfix mail system is already running
Sep 18 14:42:57 2f96bfbc1355 opendkim[250]: OpenDKIM Filter: Unable to bind to port inet:8891@localhost: Address already in use
Sep 18 14:42:57 2f96bfbc1355 opendkim[250]: OpenDKIM Filter: Unable to create listening socket on conn inet:8891@localhost
Sep 18 14:42:57 2f96bfbc1355 opendkim[250]: smfi_opensocket() failed
Sep 18 14:42:57 2f96bfbc1355 dovecot: master: Fatal: Dovecot is already running with PID 99 (read from /var/run/dovecot/master.pid)
Sep 18 14:42:57 2f96bfbc1355 postfix/postfix-script[259]: fatal: the Postfix mail system is already running
Sep 18 14:43:00 2f96bfbc1355 clamd[77]: Loaded 8046926 signatures.
Sep 18 14:43:01 2f96bfbc1355 clamd[77]: LOCAL: Unix socket file /run/clamd.amavisd/clamd.sock
Sep 18 14:43:01 2f96bfbc1355 clamd[77]: LOCAL: Setting connection queue length to 200
Sep 18 14:43:01 2f96bfbc1355 clamd[262]: Limits: Global time limit set to 120000 milliseconds.
Sep 18 14:43:01 2f96bfbc1355 clamd[262]: Limits: Global size limit set to 104857600 bytes.
Sep 18 14:43:01 2f96bfbc1355 clamd[262]: Limits: File size limit set to 26214400 bytes.
Sep 18 14:43:01 2f96bfbc1355 clamd[262]: Limits: Recursion level limit set to 16.
Sep 18 14:43:01 2f96bfbc1355 clamd[262]: Limits: Files limit set to 10000.
Sep 18 14:43:01 2f96bfbc1355 clamd[262]: Limits: MaxEmbeddedPE limit set to 10485760 bytes.
Sep 18 14:43:01 2f96bfbc1355 clamd[262]: Limits: MaxHTMLNormalize limit set to 10485760 bytes.
Sep 18 14:43:01 2f96bfbc1355 clamd[262]: Limits: MaxHTMLNoTags limit set to 2097152 bytes.
Sep 18 14:43:01 2f96bfbc1355 clamd[262]: Limits: MaxScriptNormalize limit set to 5242880 bytes.
Sep 18 14:43:01 2f96bfbc1355 clamd[262]: Limits: MaxZipTypeRcg limit set to 1048576 bytes.
Sep 18 14:43:01 2f96bfbc1355 clamd[262]: Limits: MaxPartitions limit set to 50.
Sep 18 14:43:01 2f96bfbc1355 clamd[262]: Limits: MaxIconsPE limit set to 100.
Sep 18 14:43:01 2f96bfbc1355 clamd[262]: Limits: MaxRecHWP3 limit set to 16.
Sep 18 14:43:01 2f96bfbc1355 clamd[262]: Limits: PCREMatchLimit limit set to 100000.
Sep 18 14:43:01 2f96bfbc1355 clamd[262]: Limits: PCRERecMatchLimit limit set to 2000.
Sep 18 14:43:01 2f96bfbc1355 clamd[262]: Limits: PCREMaxFileSize limit set to 26214400.
Sep 18 14:43:01 2f96bfbc1355 clamd[262]: Archive support enabled.
Sep 18 14:43:01 2f96bfbc1355 clamd[262]: AlertExceedsMax heuristic detection disabled.
Sep 18 14:43:01 2f96bfbc1355 clamd[262]: Heuristic alerts enabled.
Sep 18 14:43:01 2f96bfbc1355 clamd[262]: Portable Executable support enabled.
Sep 18 14:43:01 2f96bfbc1355 clamd[262]: ELF support enabled.
Sep 18 14:43:01 2f96bfbc1355 clamd[262]: Mail files support enabled.
Sep 18 14:43:01 2f96bfbc1355 clamd[262]: OLE2 support enabled.
Sep 18 14:43:01 2f96bfbc1355 clamd[262]: PDF support enabled.
Sep 18 14:43:01 2f96bfbc1355 clamd[262]: SWF support enabled.
Sep 18 14:43:01 2f96bfbc1355 clamd[262]: HTML support enabled.
Sep 18 14:43:01 2f96bfbc1355 clamd[262]: XMLDOCS support enabled.
Sep 18 14:43:01 2f96bfbc1355 clamd[262]: HWP3 support enabled.
Sep 18 14:43:01 2f96bfbc1355 clamd[262]: Self checking every 600 seconds.
Sep 18 14:43:11 2f96bfbc1355 dovecot: imap-login: Login: user=<52008001>, method=PLAIN, rip=172.17.0.1, lip=172.17.0.3, mpid=270, TLS, session=<W1r0ppGvSQusEQAB>
Sep 18 14:43:12 2f96bfbc1355 dovecot: imap-login: Login: user=<it>, method=PLAIN, rip=172.17.0.1, lip=172.17.0.3, mpid=271, TLS, session=<YfX3ppGvbvCsEQAB>
Sep 18 14:44:18 2f96bfbc1355 postfix/smtpd[272]: connect from gateway[172.17.0.1]
Sep 18 14:44:20 2f96bfbc1355 postfix/smtpd[272]: disconnect from gateway[172.17.0.1]
Sep 18 14:45:55 2f96bfbc1355 postfix/smtpd[272]: connect from gateway[172.17.0.1]
Sep 18 14:45:55 2f96bfbc1355 postfix/smtpd[272]: Anonymous TLS connection established from gateway[172.17.0.1]: TLSv1.2 with cipher AECDH-AES256-SHA (256/256 bits)
Sep 18 14:45:56 2f96bfbc1355 postfix/smtpd[272]: 65FD67823A7: client=gateway[172.17.0.1]
Sep 18 14:45:56 2f96bfbc1355 postfix/cleanup[277]: 65FD67823A7: message-id=<002701d68d8f$bd0a7ff0$371f7fd0$@hlmt.com.tw>
Sep 18 14:45:56 2f96bfbc1355 postfix/qmgr[173]: 65FD67823A7: from=<rebecca.chien@hlmt.com.tw>, size=443174, nrcpt=1 (queue active)
Sep 18 14:45:56 2f96bfbc1355 postfix/smtpd[272]: disconnect from gateway[172.17.0.1]
Sep 18 14:46:07 2f96bfbc1355 postfix/smtpd[280]: connect from localhost[127.0.0.1]
Sep 18 14:46:07 2f96bfbc1355 postfix/smtpd[280]: 6660F7823AD: client=localhost[127.0.0.1]
Sep 18 14:46:07 2f96bfbc1355 postfix/cleanup[277]: 6660F7823AD: message-id=<002701d68d8f$bd0a7ff0$371f7fd0$@hlmt.com.tw>
Sep 18 14:46:07 2f96bfbc1355 postfix/qmgr[173]: 6660F7823AD: from=<rebecca.chien@hlmt.com.tw>, size=443614, nrcpt=1 (queue active)
Sep 18 14:46:07 2f96bfbc1355 amavis[211]: (00211-01) Passed CLEAN {RelayedInternal}, MYNETS LOCAL [172.17.0.1]:56874 <rebecca.chien@hlmt.com.tw> -> <iris.chen@hlmt-vn.com>, Queue-ID: 65FD67823A7, Message-ID: <002701d68d8f$bd0a7ff0$371f7fd0$@hlmt.com.tw>, mail_id: Qizs0LjQnbHT, Hits: 0.89, size: 443173, queued_as: 6660F7823AD, 10718 ms
Sep 18 14:46:07 2f96bfbc1355 postfix/lmtp[278]: 65FD67823A7: to=<iris.chen@hlmt-vn.com>, relay=127.0.0.1[127.0.0.1]:10024, delay=12, delays=0.89/0.01/0/11, dsn=2.0.0, status=sent (250 2.0.0 from MTA(smtp:[127.0.0.1]:10025): 250 2.0.0 Ok: queued as 6660F7823AD)
Sep 18 14:46:07 2f96bfbc1355 postfix/qmgr[173]: 65FD67823A7: removed
Sep 18 14:46:07 2f96bfbc1355 postfix/virtual[281]: 6660F7823AD: to=<iris.chen@hlmt-vn.com>, relay=virtual, delay=0.26, delays=0.09/0.01/0/0.17, dsn=2.0.0, status=sent (delivered to maildir)
Sep 18 14:46:07 2f96bfbc1355 postfix/qmgr[173]: 6660F7823AD: removed
Sep 18 14:47:21 2f96bfbc1355 postfix/smtpd[272]: connect from gateway[172.17.0.1]
Sep 18 14:47:24 2f96bfbc1355 postfix/smtpd[272]: disconnect from gateway[172.17.0.1]
Sep 18 14:47:37 2f96bfbc1355 postfix/smtpd[272]: connect from gateway[172.17.0.1]
Sep 18 14:47:37 2f96bfbc1355 postfix/smtpd[272]: Anonymous TLS connection established from gateway[172.17.0.1]: TLSv1.2 with cipher AECDH-AES256-SHA (256/256 bits)
Sep 18 14:47:37 2f96bfbc1355 postfix/smtpd[272]: NOQUEUE: reject: RCPT from gateway[172.17.0.1]: 550 5.1.1 <helen.chen@hlmt-vn.com>: Recipient address rejected: User unknown in virtual mailbox table; from=<nudktdk7a@gmail.com> to=<helen.chen@hlmt-vn.com> proto=ESMTP helo=<imap.hlmt.com.tw>
Sep 18 14:47:38 2f96bfbc1355 postfix/smtpd[272]: disconnect from gateway[172.17.0.1]
Sep 18 14:47:38 2f96bfbc1355 postfix/smtpd[272]: connect from gateway[172.17.0.1]
Sep 18 14:47:38 2f96bfbc1355 postfix/smtpd[272]: Anonymous TLS connection established from gateway[172.17.0.1]: TLSv1.2 with cipher AECDH-AES256-SHA (256/256 bits)
Sep 18 14:47:38 2f96bfbc1355 postfix/smtpd[272]: ADCFB7823A7: client=gateway[172.17.0.1]
Sep 18 14:47:38 2f96bfbc1355 postfix/cleanup[277]: ADCFB7823A7: message-id=<f3029d2b-1e24-a699-1af0-fd821c844e7e@hlmt.com.tw>
Sep 18 14:47:38 2f96bfbc1355 postfix/qmgr[173]: ADCFB7823A7: from=<william.chen@hlmt.com.tw>, size=1286, nrcpt=2 (queue active)
Sep 18 14:47:38 2f96bfbc1355 postfix/smtpd[272]: disconnect from gateway[172.17.0.1]
Sep 18 14:47:40 2f96bfbc1355 postfix/smtpd[285]: connect from localhost[127.0.0.1]
Sep 18 14:47:40 2f96bfbc1355 postfix/smtpd[285]: C76607823B4: client=localhost[127.0.0.1]
Sep 18 14:47:40 2f96bfbc1355 postfix/cleanup[277]: C76607823B4: message-id=<f3029d2b-1e24-a699-1af0-fd821c844e7e@hlmt.com.tw>
Sep 18 14:47:40 2f96bfbc1355 postfix/smtpd[286]: connect from localhost[127.0.0.1]
Sep 18 14:47:40 2f96bfbc1355 postfix/smtpd[286]: CAA707823B5: client=localhost[127.0.0.1]
Sep 18 14:47:40 2f96bfbc1355 postfix/cleanup[287]: CAA707823B5: message-id=<f3029d2b-1e24-a699-1af0-fd821c844e7e@hlmt.com.tw>
Sep 18 14:47:40 2f96bfbc1355 postfix/qmgr[173]: CAA707823B5: from=<william.chen@hlmt.com.tw>, size=1710, nrcpt=1 (queue active)
Sep 18 14:47:40 2f96bfbc1355 postfix/qmgr[173]: C76607823B4: from=<william.chen@hlmt.com.tw>, size=1726, nrcpt=1 (queue active)
Sep 18 14:47:40 2f96bfbc1355 amavis[212]: (00212-01) Passed CLEAN {RelayedInternal}, MYNETS LOCAL [172.17.0.1]:56954 <william.chen@hlmt.com.tw> -> <it@hlmt-vn.com>, Queue-ID: ADCFB7823A7, Message-ID: <f3029d2b-1e24-a699-1af0-fd821c844e7e@hlmt.com.tw>, mail_id: NVJBRPMUm--W, Hits: 0.888, size: 1286, queued_as: CAA707823B5, 2145 ms
Sep 18 14:47:40 2f96bfbc1355 amavis[216]: (00216-01) Passed CLEAN {RelayedInternal}, MYNETS LOCAL [172.17.0.1]:56954 <william.chen@hlmt.com.tw> -> <julie.ruan@hlmt-vn.com>, Queue-ID: ADCFB7823A7, Message-ID: <f3029d2b-1e24-a699-1af0-fd821c844e7e@hlmt.com.tw>, mail_id: c86evu8-PD36, Hits: 0.888, size: 1286, queued_as: C76607823B4, 2139 ms
Sep 18 14:47:40 2f96bfbc1355 postfix/lmtp[278]: ADCFB7823A7: to=<it@hlmt-vn.com>, orig_to=<all@hlmt-vn.com>, relay=127.0.0.1[127.0.0.1]:10024, delay=2.2, delays=0.1/0/0/2.1, dsn=2.0.0, status=sent (250 2.0.0 from MTA(smtp:[127.0.0.1]:10025): 250 2.0.0 Ok: queued as CAA707823B5)
Sep 18 14:47:40 2f96bfbc1355 postfix/lmtp[282]: ADCFB7823A7: to=<julie.ruan@hlmt-vn.com>, orig_to=<all@hlmt-vn.com>, relay=127.0.0.1[127.0.0.1]:10024, delay=2.2, delays=0.1/0.01/0/2.1, dsn=2.0.0, status=sent (250 2.0.0 from MTA(smtp:[127.0.0.1]:10025): 250 2.0.0 Ok: queued as C76607823B4)
Sep 18 14:47:40 2f96bfbc1355 postfix/qmgr[173]: ADCFB7823A7: removed
Sep 18 14:47:40 2f96bfbc1355 postfix/virtual[288]: C76607823B4: to=<julie.ruan@hlmt-vn.com>, relay=virtual, delay=0.16, delays=0.12/0.01/0/0.04, dsn=2.0.0, status=sent (delivered to maildir)
Sep 18 14:47:40 2f96bfbc1355 postfix/qmgr[173]: C76607823B4: removed
Sep 18 14:47:40 2f96bfbc1355 postfix/virtual[281]: CAA707823B5: to=<it@hlmt-vn.com>, relay=virtual, delay=0.17, delays=0.11/0/0/0.06, dsn=2.0.0, status=sent (delivered to maildir)
Sep 18 14:47:40 2f96bfbc1355 postfix/qmgr[173]: CAA707823B5: removed
^C
[root@2f96bfbc1355 /]# cd /etc/postfix/
[root@2f96bfbc1355 postfix]# ls
access     generic        helo_check.db    ldap-local_only2.cf  ldap-users.cf        local_only2_domains.db  main.cf        recipient_bcc.db  sender_bcc     sender_vip.db
canonical  header_checks  ldap-aliases.cf  ldap-local_only.cf   local-host-names     local_only_domains      master.cf      relocated         sender_bcc.db  transport
domains    helo_check     ldap-granted.cf  ldap-restricted.cf   local_only2_domains  local_only_domains.db   recipient_bcc  saslauthd.conf    sender_vip     virtual
[root@2f96bfbc1355 postfix]# vi main.cf 
[root@2f96bfbc1355 postfix]# vi local
local-host-names        local_only2_domains     local_only2_domains.db  local_only_domains      local_only_domains.db   
[root@2f96bfbc1355 postfix]# vi local_only
local_only2_domains     local_only2_domains.db  local_only_domains      local_only_domains.db   
[root@2f96bfbc1355 postfix]# vi local_only_domains
[root@2f96bfbc1355 postfix]# vi ldap-local_only.cf 
[root@2f96bfbc1355 postfix]# vi ldap-local_only2.cf 
[root@2f96bfbc1355 postfix]# postfix reload
postfix/postfix-script: refreshing the Postfix mail system
[root@2f96bfbc1355 postfix]# tail -f /var/log/maillog 
Sep 18 14:47:40 2f96bfbc1355 postfix/qmgr[173]: ADCFB7823A7: removed
Sep 18 14:47:40 2f96bfbc1355 postfix/virtual[288]: C76607823B4: to=<julie.ruan@hlmt-vn.com>, relay=virtual, delay=0.16, delays=0.12/0.01/0/0.04, dsn=2.0.0, status=sent (delivered to maildir)
Sep 18 14:47:40 2f96bfbc1355 postfix/qmgr[173]: C76607823B4: removed
Sep 18 14:47:40 2f96bfbc1355 postfix/virtual[281]: CAA707823B5: to=<it@hlmt-vn.com>, relay=virtual, delay=0.17, delays=0.11/0/0/0.06, dsn=2.0.0, status=sent (delivered to maildir)
Sep 18 14:47:40 2f96bfbc1355 postfix/qmgr[173]: CAA707823B5: removed
Sep 18 14:49:48 2f96bfbc1355 postfix/postfix-script[300]: refreshing the Postfix mail system
Sep 18 14:49:48 2f96bfbc1355 postfix/master[171]: reload -- version 2.10.1, configuration /etc/postfix
Sep 18 14:49:48 2f96bfbc1355 postfix/anvil[275]: statistics: max connection rate 3/60s for (smtp:172.17.0.1) at Sep 18 14:47:38
Sep 18 14:49:48 2f96bfbc1355 postfix/anvil[275]: statistics: max connection count 1 for (smtp:172.17.0.1) at Sep 18 14:44:18
Sep 18 14:49:48 2f96bfbc1355 postfix/anvil[275]: statistics: max cache size 1 at Sep 18 14:44:18
Sep 18 14:49:54 2f96bfbc1355 dovecot: imap-login: Login: user=<52008001>, method=PLAIN, rip=172.17.0.1, lip=172.17.0.3, mpid=310, TLS, session=<Hqn5vpGvXQusEQAB>
^C
[root@2f96bfbc1355 postfix]# cp /etc/op
opendkim/      opendkim.conf  openldap/      opt/           
[root@2f96bfbc1355 postfix]# cp /etc/open
opendkim/      opendkim.conf  openldap/      
[root@2f96bfbc1355 postfix]# cp /etc/open
opendkim/      opendkim.conf  openldap/      
[root@2f96bfbc1355 postfix]# cp /etc/opendkim/keys/default.* /home/vmail
[root@2f96bfbc1355 postfix]# more /etc/opendkim/keys/default.txt 
default._domainkey	IN	TXT	( "v=DKIM1; k=rsa; "
	  "p=MIGfMA0GCSqGSIb3DQEBAQUAA4GNADCBiQKBgQCoS20DQyVUdopZ+UF8VhKs4WKJPCdp8YYEOjPCTj4mfik8j9nUs8N9SNmCeetzwVsLAJyx1cgpjcDS1KPsP+Ikw4eWHHzjl9g+drdNCNkLYiYGYIIpzMXXr/yxGBJM+LYWXBuXlwzUD3l/Bc2hXZrbiVhbOoQBAj4e038idrcWdwIDAQAB" 
)  ; ----- DKIM key default for hlmt-vn.com
[root@2f96bfbc1355 postfix]# ps -ef
UID        PID  PPID  C STIME TTY          TIME CMD
root         1     0  0 14:42 ?        00:00:00 /bin/bash /setup.sh
root        70     1  0 14:42 ?        00:00:00 /usr/bin/python /usr/bin/supervisord -c /etc/supervisord.conf
root        73    70  0 14:42 ?        00:00:00 /usr/bin/tail -f /var/log/maillog
root        78    70  0 14:42 ?        00:00:00 /usr/sbin/rsyslogd -n
root        81    70  0 14:42 ?        00:00:00 /usr/sbin/crond -n &
opendkim    82     1  0 14:42 ?        00:00:00 /usr/sbin/opendkim -x /etc/opendkim/opendkim.conf -P /var/run/opendkim/opendkim.pid
root        88     1  0 14:42 ?        00:00:00 /usr/sbin/saslauthd -m /run/saslauthd -a ldap -O /etc/postfix/saslauthd.conf -c -r
root        99     1  0 14:42 ?        00:00:00 /usr/sbin/dovecot
root       111    88  0 14:42 ?        00:00:00 /usr/sbin/saslauthd -m /run/saslauthd -a ldap -O /etc/postfix/saslauthd.conf -c -r
root       112    88  0 14:42 ?        00:00:00 /usr/sbin/saslauthd -m /run/saslauthd -a ldap -O /etc/postfix/saslauthd.conf -c -r
root       113    88  0 14:42 ?        00:00:00 /usr/sbin/saslauthd -m /run/saslauthd -a ldap -O /etc/postfix/saslauthd.conf -c -r
root       114    88  0 14:42 ?        00:00:00 /usr/sbin/saslauthd -m /run/saslauthd -a ldap -O /etc/postfix/saslauthd.conf -c -r
dovecot    119    99  0 14:42 ?        00:00:00 dovecot/anvil
root       120    99  0 14:42 ?        00:00:00 dovecot/log
root       123    99  0 14:42 ?        00:00:00 dovecot/config
root       171     1  0 14:42 ?        00:00:00 /usr/libexec/postfix/master -w
amavis     174     1  0 14:42 ?        00:00:00 /usr/sbin/amavisd (master)
amavis     211   174  0 14:42 ?        00:00:00 /usr/sbin/amavisd (ch1-avail)
amavis     212   174  0 14:42 ?        00:00:00 /usr/sbin/amavisd (ch1-avail)
amavis     213   174  0 14:42 ?        00:00:00 /usr/sbin/amavisd (virgin child)
amavis     214   174  0 14:42 ?        00:00:00 /usr/sbin/amavisd (virgin child)
amavis     215   174  0 14:42 ?        00:00:00 /usr/sbin/amavisd (virgin child)
amavis     216   174  0 14:42 ?        00:00:00 /usr/sbin/amavisd (ch1-avail)
amavis     217   174  0 14:42 ?        00:00:00 /usr/sbin/amavisd (virgin child)
amavis     218   174  0 14:42 ?        00:00:00 /usr/sbin/amavisd (virgin child)
amavis     219   174  0 14:42 ?        00:00:00 /usr/sbin/amavisd (virgin child)
amavis     220   174  0 14:42 ?        00:00:00 /usr/sbin/amavisd (virgin child)
